** Drc report for pumpengruppe-rs485.kicad_pcb **
** Created on 2026-06-26T10:39:20 **
** Report includes: Errors, Warnings **

** Found 72 DRC violations **
[silk_edge_clearance]: Silkscreen clipped by board edge
    Rule: Einschränkungen aus Platinenkonfiguration zum Bestückungsdruck; warning
    @(81.0000 mm, 38.0000 mm): Rectangle on Edge.Cuts
    @(59.0000 mm, 46.0000 mm): Rectangle of PSU1 on F.Silkscreen
[silk_edge_clearance]: Silkscreen clipped by board edge
    Rule: Einschränkungen aus Platinenkonfiguration zum Bestückungsdruck; warning
    @(81.0000 mm, 38.0000 mm): Rectangle on Edge.Cuts
    @(66.0000 mm, 76.0000 mm): Rectangle of K1 on F.Silkscreen
[silk_edge_clearance]: Silkscreen clipped by board edge
    Rule: Einschränkungen aus Platinenkonfiguration zum Bestückungsdruck; warning
    @(81.0000 mm, 38.0000 mm): Rectangle on Edge.Cuts
    @(66.0000 mm, 99.0000 mm): Rectangle of K2 on F.Silkscreen
[silk_edge_clearance]: Silkscreen clipped by board edge
    Rule: Einschränkungen aus Platinenkonfiguration zum Bestückungsdruck; warning
    @(81.0000 mm, 38.0000 mm): Rectangle on Edge.Cuts
    @(66.0000 mm, 118.0000 mm): Rectangle of K3 on F.Silkscreen
[silk_edge_clearance]: Silkscreen clipped by board edge
    Rule: Einschränkungen aus Platinenkonfiguration zum Bestückungsdruck; warning
    @(81.0000 mm, 38.0000 mm): Rectangle on Edge.Cuts
    @(81.0000 mm, 125.0000 mm): Footprint text of K3 (NC=ZU NO=AUF)
[silk_edge_clearance]: Silkscreen clipped by board edge
    Rule: Einschränkungen aus Platinenkonfiguration zum Bestückungsdruck; warning
    @(39.8000 mm, 32.5000 mm): Rectangle on Edge.Cuts
    @(149.8800 mm, 26.6400 mm): Segment of U1 on F.Silkscreen
[silk_edge_clearance]: Silkscreen clipped by board edge
    Rule: Einschränkungen aus Platinenkonfiguration zum Bestückungsdruck; warning
    @(39.8000 mm, 32.5000 mm): Rectangle on Edge.Cuts
    @(168.1200 mm, 26.6400 mm): Segment of U1 on F.Silkscreen
[silk_edge_clearance]: Silkscreen clipped by board edge
    Rule: Einschränkungen aus Platinenkonfiguration zum Bestückungsdruck; warning
    @(39.8000 mm, 32.5000 mm): Rectangle on Edge.Cuts
    @(190.3000 mm, 88.0000 mm): Rectangle of J1 on F.Silkscreen
[silk_edge_clearance]: Silkscreen clipped by board edge
    Rule: Einschränkungen aus Platinenkonfiguration zum Bestückungsdruck; warning
    @(39.8000 mm, 32.5000 mm): Rectangle on Edge.Cuts
    @(190.3000 mm, 105.0000 mm): Rectangle of J2 on F.Silkscreen
[silk_edge_clearance]: Silkscreen clipped by board edge
    Rule: Einschränkungen aus Platinenkonfiguration zum Bestückungsdruck; warning
    @(39.8000 mm, 32.5000 mm): Rectangle on Edge.Cuts
    @(191.3000 mm, 134.0000 mm): Rectangle of X6 on F.Silkscreen
[lib_footprint_mismatch]: Footprint "Converter_ACDC_Hi-Link_HLK-5Mxx" stimmt nicht mit Kopie in Bibliothek "Converter_ACDC" überein.
    Local override; warning
    @(78.0000 mm, 58.0000 mm): Footprint PSU1
[lib_footprint_mismatch]: Footprint "ESP32-WROOM-32D" stimmt nicht mit Kopie in Bibliothek "RF_Module" überein.
    Local override; warning
    @(159.0000 mm, 42.5000 mm): Footprint U1
[lib_footprint_mismatch]: Footprint "LDO_SOT223" stimmt nicht mit Kopie in Bibliothek "FW_Pumpengruppe" überein.
    Local override; warning
    @(137.5000 mm, 41.0000 mm): Footprint U5
[lib_footprint_mismatch]: Footprint "SOIC-8_3.9x4.9mm_P1.27mm" stimmt nicht mit Kopie in Bibliothek "Package_SO" überein.
    Local override; warning
    @(145.5000 mm, 104.5000 mm): Footprint U4
[lib_footprint_mismatch]: Footprint "RJ45_Amphenol_54602-x08_Horizontal" stimmt nicht mit Kopie in Bibliothek "Connector_RJ" überein.
    Local override; warning
    @(198.3000 mm, 80.0000 mm): Footprint J1
[lib_footprint_mismatch]: Footprint "RJ45_Amphenol_54602-x08_Horizontal" stimmt nicht mit Kopie in Bibliothek "Connector_RJ" überein.
    Local override; warning
    @(198.3000 mm, 97.0000 mm): Footprint J2
[lib_footprint_mismatch]: Footprint "USB_C_Receptacle_HRO_TYPE-C-31-M-12" stimmt nicht mit Kopie in Bibliothek "Connector_USB" überein.
    Local override; warning
    @(196.3000 mm, 129.0000 mm): Footprint X6
[lib_footprint_mismatch]: Footprint "PinHeader_1x03_P2.54mm_Vertical" stimmt nicht mit Kopie in Bibliothek "Connector_PinHeader_2.54mm" überein.
    Local override; warning
    @(185.0000 mm, 97.0000 mm): Footprint JP1
[lib_footprint_mismatch]: Footprint "R_1206_3216Metric" stimmt nicht mit Kopie in Bibliothek "Resistor_SMD" überein.
    Local override; warning
    @(73.5000 mm, 41.0000 mm): Footprint R40
[lib_footprint_mismatch]: Footprint "Fuse_1812_4532Metric" stimmt nicht mit Kopie in Bibliothek "Fuse" überein.
    Local override; warning
    @(180.5000 mm, 88.0000 mm): Footprint F2
[lib_footprint_mismatch]: Footprint "R_1206_3216Metric" stimmt nicht mit Kopie in Bibliothek "Resistor_SMD" überein.
    Local override; warning
    @(68.5000 mm, 41.0000 mm): Footprint R41
[lib_footprint_mismatch]: Footprint "LED_0805_2012Metric" stimmt nicht mit Kopie in Bibliothek "LED_SMD" überein.
    Local override; warning
    @(62.5000 mm, 42.5000 mm): Footprint D40
[lib_footprint_mismatch]: Footprint "D_SOD-123" stimmt nicht mit Kopie in Bibliothek "Diode_SMD" überein.
    Local override; warning
    @(57.0000 mm, 42.5000 mm): Footprint D41
[lib_footprint_mismatch]: Footprint "RV_Disc_D12mm_W3.9mm_P7.5mm" stimmt nicht mit Kopie in Bibliothek "Varistor" überein.
    Local override; warning
    @(61.0000 mm, 113.2500 mm): Footprint RV1
[lib_footprint_mismatch]: Footprint "D_SOD-123" stimmt nicht mit Kopie in Bibliothek "Diode_SMD" überein.
    Local override; warning
    @(167.7000 mm, 118.5000 mm): Footprint D50
[lib_footprint_mismatch]: Footprint "D_SOD-123" stimmt nicht mit Kopie in Bibliothek "Diode_SMD" überein.
    Local override; warning
    @(167.7000 mm, 125.0000 mm): Footprint D51
[lib_footprint_mismatch]: Footprint "D_SOD-123" stimmt nicht mit Kopie in Bibliothek "Diode_SMD" überein.
    Local override; warning
    @(167.7000 mm, 112.5000 mm): Footprint D52
[text_height]: Schrifthöhe außerhalb des zulässigen Bereichs (Einschränkungen aus Platinenkonfiguration zur Bestückungsdruckhöhe min. Breite 0,8000 mm; tatsächlich 0,6500 mm)
    Rule: Einschränkungen aus Platinenkonfiguration zur Bestückungsdruckhöhe; warning
    @(165.0000 mm, 140.0000 mm): PCB text 'RJ45: 1/2=5V 3/6=NC 4=A 5=B 7/8=GND' on F.Silkscreen
[text_height]: Schrifthöhe außerhalb des zulässigen Bereichs (Einschränkungen aus Platinenkonfiguration zur Bestückungsdruckhöhe min. Breite 0,8000 mm; tatsächlich 0,6500 mm)
    Rule: Einschränkungen aus Platinenkonfiguration zur Bestückungsdruckhöhe; warning
    @(188.5000 mm, 61.0000 mm): PCB text 'GND' on F.Silkscreen
[text_height]: Schrifthöhe außerhalb des zulässigen Bereichs (Einschränkungen aus Platinenkonfiguration zur Bestückungsdruckhöhe min. Breite 0,8000 mm; tatsächlich 0,6500 mm)
    Rule: Einschränkungen aus Platinenkonfiguration zur Bestückungsdruckhöhe; warning
    @(189.0000 mm, 108.5000 mm): PCB text 'GND' on F.Silkscreen
[text_height]: Schrifthöhe außerhalb des zulässigen Bereichs (Einschränkungen aus Platinenkonfiguration zur Bestückungsdruckhöhe min. Breite 0,8000 mm; tatsächlich 0,7500 mm)
    Rule: Einschränkungen aus Platinenkonfiguration zur Bestückungsdruckhöhe; warning
    @(188.5000 mm, 64.5000 mm): PCB text 'B' on F.Silkscreen
[text_height]: Schrifthöhe außerhalb des zulässigen Bereichs (Einschränkungen aus Platinenkonfiguration zur Bestückungsdruckhöhe min. Breite 0,8000 mm; tatsächlich 0,7500 mm)
    Rule: Einschränkungen aus Platinenkonfiguration zur Bestückungsdruckhöhe; warning
    @(188.5000 mm, 68.0000 mm): PCB text 'A' on F.Silkscreen
[text_height]: Schrifthöhe außerhalb des zulässigen Bereichs (Einschränkungen aus Platinenkonfiguration zur Bestückungsdruckhöhe min. Breite 0,8000 mm; tatsächlich 0,7500 mm)
    Rule: Einschränkungen aus Platinenkonfiguration zur Bestückungsdruckhöhe; warning
    @(189.0000 mm, 112.0000 mm): PCB text 'B' on F.Silkscreen
[text_height]: Schrifthöhe außerhalb des zulässigen Bereichs (Einschränkungen aus Platinenkonfiguration zur Bestückungsdruckhöhe min. Breite 0,8000 mm; tatsächlich 0,7500 mm)
    Rule: Einschränkungen aus Platinenkonfiguration zur Bestückungsdruckhöhe; warning
    @(189.0000 mm, 115.5000 mm): PCB text 'A' on F.Silkscreen
[silk_over_copper]: Silkscreen clipped by solder mask
    Local override; warning
    @(91.0000 mm, 38.0000 mm): Segment on F.Silkscreen
[silk_over_copper]: Silkscreen clipped by solder mask
    Local override; warning
    @(141.0000 mm, 37.0000 mm): Rectangle of U5 on F.Silkscreen
[silk_over_copper]: Silkscreen clipped by solder mask
    Local override; warning
    @(186.0000 mm, 47.0000 mm): Rectangle of U2 on F.Silkscreen
[silk_over_copper]: Silkscreen clipped by solder mask
    Local override; warning
    @(186.0000 mm, 57.0000 mm): Rectangle of U3 on F.Silkscreen
[silk_over_copper]: Silkscreen clipped by solder mask
    Local override; warning
    @(142.3000 mm, 100.5000 mm): Rectangle of U4 on F.Silkscreen
[silk_over_copper]: Silkscreen clipped by solder mask
    Local override; warning
    @(191.3000 mm, 134.0000 mm): Rectangle of X6 on F.Silkscreen
[silk_over_copper]: Silkscreen clipped by solder mask
    Local override; warning
    @(185.0000 mm, 128.0000 mm): Rectangle of U6 on F.Silkscreen
[silk_over_copper]: Silkscreen clipped by solder mask
    Local override; warning
    @(75.7000 mm, 42.1000 mm): Rectangle of R40 on F.Silkscreen
[silk_over_copper]: Silkscreen clipped by solder mask
    Local override; warning
    @(136.0000 mm, 123.8000 mm): Segment of D4 on F.Silkscreen
[silk_over_copper]: Silkscreen clipped by solder mask
    Local override; warning
    @(135.0000 mm, 123.8000 mm): Rectangle of D4 on F.Silkscreen
[silk_over_copper]: Silkscreen clipped by solder mask
    Local override; warning
    @(99.1500 mm, 79.4500 mm): Reference field of R4
[silk_over_copper]: Silkscreen clipped by solder mask
    Local override; warning
    @(103.9500 mm, 79.4500 mm): Reference field of R7
[silk_over_copper]: Silkscreen clipped by solder mask
    Local override; warning
    @(100.5000 mm, 77.2500 mm): Segment of D1 on F.Silkscreen
[silk_over_copper]: Silkscreen clipped by solder mask
    Local override; warning
    @(99.5000 mm, 77.2500 mm): Rectangle of D1 on F.Silkscreen
[silk_over_copper]: Silkscreen clipped by solder mask
    Local override; warning
    @(100.5000 mm, 97.3000 mm): Segment of D2 on F.Silkscreen
[silk_over_copper]: Silkscreen clipped by solder mask
    Local override; warning
    @(99.5000 mm, 97.3000 mm): Rectangle of D2 on F.Silkscreen
[silk_over_copper]: Silkscreen clipped by solder mask
    Local override; warning
    @(100.5500 mm, 116.8000 mm): Segment of D3 on F.Silkscreen
[silk_over_copper]: Silkscreen clipped by solder mask
    Local override; warning
    @(99.5500 mm, 116.8000 mm): Rectangle of D3 on F.Silkscreen
[silk_over_copper]: Silkscreen clipped by solder mask
    Local override; warning
    @(70.7000 mm, 42.1000 mm): Rectangle of R41 on F.Silkscreen
[silk_overlap]: Silkscreen clearance
    Rule: Einschränkungen aus Platinenkonfiguration zum Bestückungsdruck; warning
    @(164.7000 mm, 101.0000 mm): Footprint text of D30 (TX)
    @(164.7000 mm, 101.5000 mm): Reference field of D31
[silk_overlap]: Silkscreen clearance
    Rule: Einschränkungen aus Platinenkonfiguration zum Bestückungsdruck; warning
    @(66.0000 mm, 99.0000 mm): Rectangle of K2 on F.Silkscreen
    @(84.0000 mm, 88.0000 mm): PCB text '8mm+ ISOLATION SLOT / KEEP OUT' on F.Silkscreen
[silk_overlap]: Silkscreen clearance
    Rule: Einschränkungen aus Platinenkonfiguration zum Bestückungsdruck; warning
    @(66.0000 mm, 76.0000 mm): Rectangle of K1 on F.Silkscreen
    @(84.0000 mm, 88.0000 mm): PCB text '8mm+ ISOLATION SLOT / KEEP OUT' on F.Silkscreen
[silk_overlap]: Silkscreen clearance
    Rule: Einschränkungen aus Platinenkonfiguration zum Bestückungsdruck; warning
    @(66.0000 mm, 76.0000 mm): Rectangle of K1 on F.Silkscreen
    @(91.0000 mm, 38.0000 mm): Segment on F.Silkscreen
[silk_overlap]: Silkscreen clearance
    Rule: Einschränkungen aus Platinenkonfiguration zum Bestückungsdruck; warning
    @(66.0000 mm, 99.0000 mm): Rectangle of K2 on F.Silkscreen
    @(91.0000 mm, 38.0000 mm): Segment on F.Silkscreen
[silk_overlap]: Silkscreen clearance
    Rule: Einschränkungen aus Platinenkonfiguration zum Bestückungsdruck; warning
    @(59.0000 mm, 46.0000 mm): Rectangle of PSU1 on F.Silkscreen
    @(91.0000 mm, 38.0000 mm): Segment on F.Silkscreen
[silk_overlap]: Silkscreen clearance
    Rule: Einschränkungen aus Platinenkonfiguration zum Bestückungsdruck; warning
    @(66.0000 mm, 118.0000 mm): Rectangle of K3 on F.Silkscreen
    @(91.0000 mm, 38.0000 mm): Segment on F.Silkscreen
[silk_overlap]: Silkscreen clearance
    Rule: Einschränkungen aus Platinenkonfiguration zum Bestückungsdruck; warning
    @(66.0000 mm, 76.0000 mm): Rectangle of K1 on F.Silkscreen
    @(77.0000 mm, 38.0000 mm): Segment on F.Silkscreen
[silk_overlap]: Silkscreen clearance
    Rule: Einschränkungen aus Platinenkonfiguration zum Bestückungsdruck; warning
    @(66.0000 mm, 99.0000 mm): Rectangle of K2 on F.Silkscreen
    @(77.0000 mm, 38.0000 mm): Segment on F.Silkscreen
[silk_overlap]: Silkscreen clearance
    Rule: Einschränkungen aus Platinenkonfiguration zum Bestückungsdruck; warning
    @(59.0000 mm, 46.0000 mm): Rectangle of PSU1 on F.Silkscreen
    @(77.0000 mm, 38.0000 mm): Segment on F.Silkscreen
[silk_overlap]: Silkscreen clearance
    Rule: Einschränkungen aus Platinenkonfiguration zum Bestückungsdruck; warning
    @(66.0000 mm, 118.0000 mm): Rectangle of K3 on F.Silkscreen
    @(77.0000 mm, 38.0000 mm): Segment on F.Silkscreen
[silk_overlap]: Silkscreen clearance
    Rule: Einschränkungen aus Platinenkonfiguration zum Bestückungsdruck; warning
    @(77.0000 mm, 38.0000 mm): Segment on F.Silkscreen
    @(78.0000 mm, 44.0000 mm): Reference field of PSU1
[silk_overlap]: Silkscreen clearance
    Rule: Einschränkungen aus Platinenkonfiguration zum Bestückungsdruck; warning
    @(81.0000 mm, 125.0000 mm): Footprint text of K3 (NC=ZU NO=AUF)
    @(77.0000 mm, 38.0000 mm): Segment on F.Silkscreen
[silk_overlap]: Silkscreen clearance
    Rule: Einschränkungen aus Platinenkonfiguration zum Bestückungsdruck; warning
    @(99.9000 mm, 105.4000 mm): Rectangle of Q2 on F.Silkscreen
    @(100.7000 mm, 109.0000 mm): Reference field of R11
[silk_overlap]: Silkscreen clearance
    Rule: Einschränkungen aus Platinenkonfiguration zum Bestückungsdruck; warning
    @(99.1500 mm, 79.4500 mm): Reference field of R4
    @(99.5000 mm, 77.2500 mm): Rectangle of D1 on F.Silkscreen
[silk_overlap]: Silkscreen clearance
    Rule: Einschränkungen aus Platinenkonfiguration zum Bestückungsdruck; warning
    @(103.9500 mm, 79.4500 mm): Reference field of R7
    @(99.5000 mm, 77.2500 mm): Rectangle of D1 on F.Silkscreen
[silk_overlap]: Silkscreen clearance
    Rule: Einschränkungen aus Platinenkonfiguration zum Bestückungsdruck; warning
    @(97.5500 mm, 80.6500 mm): Rectangle of R4 on F.Silkscreen
    @(100.9500 mm, 82.6500 mm): Reference field of Q1
[silk_overlap]: Silkscreen clearance
    Rule: Einschränkungen aus Platinenkonfiguration zum Bestückungsdruck; warning
    @(99.1500 mm, 83.8500 mm): Rectangle of Q1 on F.Silkscreen
    @(99.9500 mm, 87.4500 mm): Reference field of R10
[silk_overlap]: Silkscreen clearance
    Rule: Einschränkungen aus Platinenkonfiguration zum Bestückungsdruck; warning
    @(98.1000 mm, 102.2000 mm): Rectangle of R5 on F.Silkscreen
    @(101.7000 mm, 104.2000 mm): Reference field of Q2

** Found 0 unconnected pads **

** Found 0 Footprint errors **

** Ignored checks **
    - Footprint has no courtyard defined
    - Track endpoint not centered on via
    - Tuning profile track geometries
    - Footprint doesn't match symbol's footprint filters
    - Footprint component type doesn't match footprint pads

** End of Report **
