** Drc report for pumpengruppe-rs485.kicad_pcb **
** Created on 2026-07-09T13:00:25 **
** Report includes: Errors, Warnings **

** Found 74 DRC violations **
[silk_edge_clearance]: Silkscreen clipped by board edge
    Rule: Einschränkungen aus Platinenkonfiguration zum Bestückungsdruck; warning
    @(81.5000 mm, 38.0000 mm): Segment on Edge.Cuts
    @(63.2900 mm, 47.4400 mm): Segment of PSU1 on F.Silkscreen
[silk_edge_clearance]: Silkscreen clipped by board edge
    Rule: Einschränkungen aus Platinenkonfiguration zum Bestückungsdruck; warning
    @(81.5000 mm, 38.0000 mm): Segment on Edge.Cuts
    @(104.5100 mm, 73.1600 mm): Segment of PSU1 on F.Silkscreen
[silk_edge_clearance]: Silkscreen clipped by board edge
    Rule: Einschränkungen aus Platinenkonfiguration zum Bestückungsdruck; warning
    @(39.8000 mm, 32.5000 mm): Rectangle on Edge.Cuts
    @(39.8000 mm, 83.4800 mm): Rectangle of X2 on F.Silkscreen
[silk_edge_clearance]: Silkscreen clipped by board edge
    Rule: Einschränkungen aus Platinenkonfiguration zum Bestückungsdruck; warning
    @(81.5000 mm, 109.0000 mm): Segment on Edge.Cuts
    @(69.6000 mm, 117.2000 mm): Segment of K3 on F.Silkscreen
[silk_edge_clearance]: Silkscreen clipped by board edge
    Rule: Einschränkungen aus Platinenkonfiguration zum Bestückungsdruck; warning
    @(81.5000 mm, 121.0000 mm): Segment on Edge.Cuts
    @(78.5500 mm, 121.3500 mm): Segment of K3 on F.Silkscreen
[silk_edge_clearance]: Silkscreen clipped by board edge
    Rule: Einschränkungen aus Platinenkonfiguration zum Bestückungsdruck; warning
    @(81.5000 mm, 122.0000 mm): Segment on Edge.Cuts
    @(81.9500 mm, 123.1500 mm): Segment of K3 on F.Silkscreen
[silk_edge_clearance]: Silkscreen clipped by board edge
    Rule: Einschränkungen aus Platinenkonfiguration zum Bestückungsdruck; warning
    @(81.5000 mm, 128.0000 mm): Segment on Edge.Cuts
    @(81.9500 mm, 130.9500 mm): Segment of K3 on F.Silkscreen
[silk_edge_clearance]: Silkscreen clipped by board edge
    Rule: Einschränkungen aus Platinenkonfiguration zum Bestückungsdruck; warning
    @(83.5000 mm, 129.0000 mm): Segment on Edge.Cuts
    @(81.9500 mm, 130.9500 mm): Segment of K3 on F.Silkscreen
[silk_edge_clearance]: Silkscreen clipped by board edge
    Rule: Einschränkungen aus Platinenkonfiguration zum Bestückungsdruck; warning
    @(83.5000 mm, 109.0000 mm): Segment on Edge.Cuts
    @(84.4500 mm, 118.9500 mm): Segment of K3 on F.Silkscreen
[silk_edge_clearance]: Silkscreen clipped by board edge
    Rule: Einschränkungen aus Platinenkonfiguration zum Bestückungsdruck; warning
    @(83.5000 mm, 123.0000 mm): Segment on Edge.Cuts
    @(85.3500 mm, 124.9500 mm): Segment of K3 on F.Silkscreen
[silk_edge_clearance]: Silkscreen clipped by board edge
    Rule: Einschränkungen aus Platinenkonfiguration zum Bestückungsdruck; warning
    @(83.5000 mm, 121.0000 mm): Segment on Edge.Cuts
    @(89.4000 mm, 123.8000 mm): Segment of K3 on F.Silkscreen
[silk_edge_clearance]: Silkscreen clipped by board edge
    Rule: Einschränkungen aus Platinenkonfiguration zum Bestückungsdruck; warning
    @(81.5000 mm, 129.0000 mm): Segment on Edge.Cuts
    @(89.4000 mm, 132.8000 mm): Segment of K3 on F.Silkscreen
[silk_edge_clearance]: Silkscreen clipped by board edge
    Rule: Einschränkungen aus Platinenkonfiguration zum Bestückungsdruck; warning
    @(83.5000 mm, 127.0000 mm): Segment on Edge.Cuts
    @(89.4000 mm, 132.8000 mm): Segment of K3 on F.Silkscreen
[silk_edge_clearance]: Silkscreen clipped by board edge
    Rule: Einschränkungen aus Platinenkonfiguration zum Bestückungsdruck; warning
    @(39.8000 mm, 32.5000 mm): Rectangle on Edge.Cuts
    @(145.5000 mm, 26.3000 mm): Segment of U1 on F.Silkscreen
[silk_edge_clearance]: Silkscreen clipped by board edge
    Rule: Einschränkungen aus Platinenkonfiguration zum Bestückungsdruck; warning
    @(39.8000 mm, 32.5000 mm): Rectangle on Edge.Cuts
    @(163.9000 mm, 26.3000 mm): Segment of U1 on F.Silkscreen
[silk_edge_clearance]: Silkscreen clipped by board edge
    Rule: Einschränkungen aus Platinenkonfiguration zum Bestückungsdruck; warning
    @(39.8000 mm, 32.5000 mm): Rectangle on Edge.Cuts
    @(198.3000 mm, 122.4000 mm): Segment of X6 on F.Silkscreen
[silk_edge_clearance]: Silkscreen clipped by board edge
    Rule: Einschränkungen aus Platinenkonfiguration zum Bestückungsdruck; warning
    @(39.8000 mm, 32.5000 mm): Rectangle on Edge.Cuts
    @(198.3000 mm, 131.8000 mm): Segment of X6 on F.Silkscreen
[silk_edge_clearance]: Silkscreen clipped by board edge
    Rule: Einschränkungen aus Platinenkonfiguration zum Bestückungsdruck; warning
    @(39.8000 mm, 32.5000 mm): Rectangle on Edge.Cuts
    @(184.7700 mm, 72.0250 mm): Segment of J1 on F.Silkscreen
[silk_edge_clearance]: Silkscreen clipped by board edge
    Rule: Einschränkungen aus Platinenkonfiguration zum Bestückungsdruck; warning
    @(39.8000 mm, 32.5000 mm): Rectangle on Edge.Cuts
    @(184.7700 mm, 87.5450 mm): Segment of J1 on F.Silkscreen
[silk_edge_clearance]: Silkscreen clipped by board edge
    Rule: Einschränkungen aus Platinenkonfiguration zum Bestückungsdruck; warning
    @(39.8000 mm, 32.5000 mm): Rectangle on Edge.Cuts
    @(184.7700 mm, 89.0250 mm): Segment of J2 on F.Silkscreen
[silk_edge_clearance]: Silkscreen clipped by board edge
    Rule: Einschränkungen aus Platinenkonfiguration zum Bestückungsdruck; warning
    @(39.8000 mm, 32.5000 mm): Rectangle on Edge.Cuts
    @(184.7700 mm, 104.5450 mm): Segment of J2 on F.Silkscreen
[silk_edge_clearance]: Silkscreen clipped by board edge
    Rule: Einschränkungen aus Platinenkonfiguration zum Bestückungsdruck; warning
    @(81.5000 mm, 38.0000 mm): Segment on Edge.Cuts
    @(69.6000 mm, 75.2000 mm): Segment of K1 on F.Silkscreen
[silk_edge_clearance]: Silkscreen clipped by board edge
    Rule: Einschränkungen aus Platinenkonfiguration zum Bestückungsdruck; warning
    @(81.5000 mm, 79.0000 mm): Segment on Edge.Cuts
    @(78.5500 mm, 79.3500 mm): Segment of K1 on F.Silkscreen
[silk_edge_clearance]: Silkscreen clipped by board edge
    Rule: Einschränkungen aus Platinenkonfiguration zum Bestückungsdruck; warning
    @(81.5000 mm, 80.0000 mm): Segment on Edge.Cuts
    @(81.9500 mm, 81.1500 mm): Segment of K1 on F.Silkscreen
[silk_edge_clearance]: Silkscreen clipped by board edge
    Rule: Einschränkungen aus Platinenkonfiguration zum Bestückungsdruck; warning
    @(81.5000 mm, 86.0000 mm): Segment on Edge.Cuts
    @(81.9500 mm, 88.9500 mm): Segment of K1 on F.Silkscreen
[silk_edge_clearance]: Silkscreen clipped by board edge
    Rule: Einschränkungen aus Platinenkonfiguration zum Bestückungsdruck; warning
    @(83.5000 mm, 87.0000 mm): Segment on Edge.Cuts
    @(81.9500 mm, 88.9500 mm): Segment of K1 on F.Silkscreen
[silk_edge_clearance]: Silkscreen clipped by board edge
    Rule: Einschränkungen aus Platinenkonfiguration zum Bestückungsdruck; warning
    @(83.5000 mm, 38.0000 mm): Segment on Edge.Cuts
    @(84.4500 mm, 76.9500 mm): Segment of K1 on F.Silkscreen
[silk_edge_clearance]: Silkscreen clipped by board edge
    Rule: Einschränkungen aus Platinenkonfiguration zum Bestückungsdruck; warning
    @(83.5000 mm, 81.0000 mm): Segment on Edge.Cuts
    @(85.3500 mm, 82.9500 mm): Segment of K1 on F.Silkscreen
[silk_edge_clearance]: Silkscreen clipped by board edge
    Rule: Einschränkungen aus Platinenkonfiguration zum Bestückungsdruck; warning
    @(83.5000 mm, 79.0000 mm): Segment on Edge.Cuts
    @(89.4000 mm, 81.8000 mm): Segment of K1 on F.Silkscreen
[silk_edge_clearance]: Silkscreen clipped by board edge
    Rule: Einschränkungen aus Platinenkonfiguration zum Bestückungsdruck; warning
    @(83.5000 mm, 87.0000 mm): Segment on Edge.Cuts
    @(89.4000 mm, 90.8000 mm): Segment of K1 on F.Silkscreen
[silk_edge_clearance]: Silkscreen clipped by board edge
    Rule: Einschränkungen aus Platinenkonfiguration zum Bestückungsdruck; warning
    @(83.5000 mm, 85.0000 mm): Segment on Edge.Cuts
    @(89.4000 mm, 90.8000 mm): Segment of K1 on F.Silkscreen
[silk_edge_clearance]: Silkscreen clipped by board edge
    Rule: Einschränkungen aus Platinenkonfiguration zum Bestückungsdruck; warning
    @(83.5000 mm, 87.0000 mm): Segment on Edge.Cuts
    @(69.6000 mm, 97.2000 mm): Segment of K2 on F.Silkscreen
[silk_edge_clearance]: Silkscreen clipped by board edge
    Rule: Einschränkungen aus Platinenkonfiguration zum Bestückungsdruck; warning
    @(81.5000 mm, 101.0000 mm): Segment on Edge.Cuts
    @(78.5500 mm, 101.3500 mm): Segment of K2 on F.Silkscreen
[silk_edge_clearance]: Silkscreen clipped by board edge
    Rule: Einschränkungen aus Platinenkonfiguration zum Bestückungsdruck; warning
    @(81.5000 mm, 102.0000 mm): Segment on Edge.Cuts
    @(81.9500 mm, 103.1500 mm): Segment of K2 on F.Silkscreen
[silk_edge_clearance]: Silkscreen clipped by board edge
    Rule: Einschränkungen aus Platinenkonfiguration zum Bestückungsdruck; warning
    @(81.5000 mm, 108.0000 mm): Segment on Edge.Cuts
    @(81.9500 mm, 110.9500 mm): Segment of K2 on F.Silkscreen
[silk_edge_clearance]: Silkscreen clipped by board edge
    Rule: Einschränkungen aus Platinenkonfiguration zum Bestückungsdruck; warning
    @(83.5000 mm, 109.0000 mm): Segment on Edge.Cuts
    @(81.9500 mm, 110.9500 mm): Segment of K2 on F.Silkscreen
[silk_edge_clearance]: Silkscreen clipped by board edge
    Rule: Einschränkungen aus Platinenkonfiguration zum Bestückungsdruck; warning
    @(83.5000 mm, 87.0000 mm): Segment on Edge.Cuts
    @(84.4500 mm, 98.9500 mm): Segment of K2 on F.Silkscreen
[silk_edge_clearance]: Silkscreen clipped by board edge
    Rule: Einschränkungen aus Platinenkonfiguration zum Bestückungsdruck; warning
    @(83.5000 mm, 103.0000 mm): Segment on Edge.Cuts
    @(85.3500 mm, 104.9500 mm): Segment of K2 on F.Silkscreen
[silk_edge_clearance]: Silkscreen clipped by board edge
    Rule: Einschränkungen aus Platinenkonfiguration zum Bestückungsdruck; warning
    @(83.5000 mm, 103.0000 mm): Segment on Edge.Cuts
    @(89.4000 mm, 103.8000 mm): Segment of K2 on F.Silkscreen
[silk_edge_clearance]: Silkscreen clipped by board edge
    Rule: Einschränkungen aus Platinenkonfiguration zum Bestückungsdruck; warning
    @(81.5000 mm, 109.0000 mm): Segment on Edge.Cuts
    @(89.4000 mm, 112.8000 mm): Segment of K2 on F.Silkscreen
[silk_edge_clearance]: Silkscreen clipped by board edge
    Rule: Einschränkungen aus Platinenkonfiguration zum Bestückungsdruck; warning
    @(83.5000 mm, 107.0000 mm): Segment on Edge.Cuts
    @(89.4000 mm, 112.8000 mm): Segment of K2 on F.Silkscreen
[lib_footprint_mismatch]: Footprint "R_0603_1608Metric" stimmt nicht mit Kopie in Bibliothek "Resistor_SMD" überein.
    Local override; warning
    @(127.0000 mm, 43.5000 mm): Footprint R90
[lib_footprint_mismatch]: Footprint "TB_KF128_508_3P" stimmt nicht mit Kopie in Bibliothek "FW_Pumpengruppe" überein.
    Local override; warning
    @(44.9000 mm, 51.9000 mm): Footprint X1
[lib_footprint_mismatch]: Footprint "TB_KF128_508_3P" stimmt nicht mit Kopie in Bibliothek "FW_Pumpengruppe" überein.
    Local override; warning
    @(44.6000 mm, 92.0800 mm): Footprint X2
[lib_footprint_mismatch]: Footprint "TB_DB128L_508_4P" stimmt nicht mit Kopie in Bibliothek "FW_Pumpengruppe" überein.
    Local override; warning
    @(44.7000 mm, 116.5200 mm): Footprint X3
[lib_footprint_mismatch]: Footprint "TB_KF128L_350_2P" stimmt nicht mit Kopie in Bibliothek "FW_Pumpengruppe" überein.
    Local override; warning
    @(194.8000 mm, 45.0000 mm): Footprint X4
[lib_footprint_mismatch]: Footprint "TB_KF128L_350_2P" stimmt nicht mit Kopie in Bibliothek "FW_Pumpengruppe" überein.
    Local override; warning
    @(194.8000 mm, 53.5000 mm): Footprint X5
[lib_footprint_mismatch]: Footprint "TB_KF128L_350_3P" stimmt nicht mit Kopie in Bibliothek "FW_Pumpengruppe" überein.
    Local override; warning
    @(194.8000 mm, 64.5000 mm): Footprint J3
[lib_footprint_mismatch]: Footprint "TB_KF128L_350_3P" stimmt nicht mit Kopie in Bibliothek "FW_Pumpengruppe" überein.
    Local override; warning
    @(194.8000 mm, 112.0000 mm): Footprint J4
[lib_footprint_mismatch]: Footprint "R_0603_1608Metric" stimmt nicht mit Kopie in Bibliothek "Resistor_SMD" überein.
    Local override; warning
    @(142.9000 mm, 36.5000 mm): Footprint R33
[text_height]: Schrifthöhe außerhalb des zulässigen Bereichs (Einschränkungen aus Platinenkonfiguration zur Bestückungsdruckhöhe min. Breite 0,8000 mm; tatsächlich 0,6500 mm)
    Rule: Einschränkungen aus Platinenkonfiguration zur Bestückungsdruckhöhe; warning
    @(165.0000 mm, 140.0000 mm): PCB text 'RJ45: 1/2=5V 3/6=NC 4=A 5=B 7/8=GND' on F.Silkscreen
[text_height]: Schrifthöhe außerhalb des zulässigen Bereichs (Einschränkungen aus Platinenkonfiguration zur Bestückungsdruckhöhe min. Breite 0,8000 mm; tatsächlich 0,6500 mm)
    Rule: Einschränkungen aus Platinenkonfiguration zur Bestückungsdruckhöhe; warning
    @(188.5000 mm, 61.0000 mm): PCB text 'GND' on F.Silkscreen
[text_height]: Schrifthöhe außerhalb des zulässigen Bereichs (Einschränkungen aus Platinenkonfiguration zur Bestückungsdruckhöhe min. Breite 0,8000 mm; tatsächlich 0,6500 mm)
    Rule: Einschränkungen aus Platinenkonfiguration zur Bestückungsdruckhöhe; warning
    @(189.0000 mm, 108.5000 mm): PCB text 'GND' on F.Silkscreen
[text_height]: Schrifthöhe außerhalb des zulässigen Bereichs (Einschränkungen aus Platinenkonfiguration zur Bestückungsdruckhöhe min. Breite 0,8000 mm; tatsächlich 0,7500 mm)
    Rule: Einschränkungen aus Platinenkonfiguration zur Bestückungsdruckhöhe; warning
    @(188.5000 mm, 64.5000 mm): PCB text 'B' on F.Silkscreen
[text_height]: Schrifthöhe außerhalb des zulässigen Bereichs (Einschränkungen aus Platinenkonfiguration zur Bestückungsdruckhöhe min. Breite 0,8000 mm; tatsächlich 0,7500 mm)
    Rule: Einschränkungen aus Platinenkonfiguration zur Bestückungsdruckhöhe; warning
    @(188.5000 mm, 68.0000 mm): PCB text 'A' on F.Silkscreen
[text_height]: Schrifthöhe außerhalb des zulässigen Bereichs (Einschränkungen aus Platinenkonfiguration zur Bestückungsdruckhöhe min. Breite 0,8000 mm; tatsächlich 0,7500 mm)
    Rule: Einschränkungen aus Platinenkonfiguration zur Bestückungsdruckhöhe; warning
    @(189.0000 mm, 112.0000 mm): PCB text 'B' on F.Silkscreen
[text_height]: Schrifthöhe außerhalb des zulässigen Bereichs (Einschränkungen aus Platinenkonfiguration zur Bestückungsdruckhöhe min. Breite 0,8000 mm; tatsächlich 0,7500 mm)
    Rule: Einschränkungen aus Platinenkonfiguration zur Bestückungsdruckhöhe; warning
    @(189.0000 mm, 115.5000 mm): PCB text 'A' on F.Silkscreen
[silk_overlap]: Silkscreen clearance
    Rule: Einschränkungen aus Platinenkonfiguration zum Bestückungsdruck; warning
    @(105.7000 mm, 98.6000 mm): Reference field of R8
    @(105.5625 mm, 98.8000 mm): Reference field of Q2
[silk_overlap]: Silkscreen clearance
    Rule: Einschränkungen aus Platinenkonfiguration zum Bestückungsdruck; warning
    @(77.0000 mm, 38.0000 mm): Segment on F.Silkscreen
    @(89.4000 mm, 132.8000 mm): Segment of K3 on F.Silkscreen
[silk_overlap]: Silkscreen clearance
    Rule: Einschränkungen aus Platinenkonfiguration zum Bestückungsdruck; warning
    @(92.8000 mm, 37.9000 mm): Segment on F.Silkscreen
    @(63.2900 mm, 47.4400 mm): Segment of PSU1 on F.Silkscreen
[silk_overlap]: Silkscreen clearance
    Rule: Einschränkungen aus Platinenkonfiguration zum Bestückungsdruck; warning
    @(92.8000 mm, 37.9000 mm): Segment on F.Silkscreen
    @(104.5100 mm, 73.1600 mm): Segment of PSU1 on F.Silkscreen
[silk_overlap]: Silkscreen clearance
    Rule: Einschränkungen aus Platinenkonfiguration zum Bestückungsdruck; warning
    @(77.0000 mm, 38.0000 mm): Segment on F.Silkscreen
    @(63.2900 mm, 47.4400 mm): Segment of PSU1 on F.Silkscreen
[silk_overlap]: Silkscreen clearance
    Rule: Einschränkungen aus Platinenkonfiguration zum Bestückungsdruck; warning
    @(77.0000 mm, 38.0000 mm): Segment on F.Silkscreen
    @(104.5100 mm, 73.1600 mm): Segment of PSU1 on F.Silkscreen
[silk_overlap]: Silkscreen clearance
    Rule: Einschränkungen aus Platinenkonfiguration zum Bestückungsdruck; warning
    @(77.0000 mm, 38.0000 mm): Segment on F.Silkscreen
    @(69.6000 mm, 75.2000 mm): Segment of K1 on F.Silkscreen
[silk_overlap]: Silkscreen clearance
    Rule: Einschränkungen aus Platinenkonfiguration zum Bestückungsdruck; warning
    @(77.0500 mm, 82.9500 mm): Segment of K1 on F.Silkscreen
    @(77.0000 mm, 38.0000 mm): Segment on F.Silkscreen
[silk_overlap]: Silkscreen clearance
    Rule: Einschränkungen aus Platinenkonfiguration zum Bestückungsdruck; warning
    @(77.0000 mm, 38.0000 mm): Segment on F.Silkscreen
    @(78.5500 mm, 82.9500 mm): Segment of K1 on F.Silkscreen
[silk_overlap]: Silkscreen clearance
    Rule: Einschränkungen aus Platinenkonfiguration zum Bestückungsdruck; warning
    @(77.0000 mm, 38.0000 mm): Segment on F.Silkscreen
    @(69.6000 mm, 117.2000 mm): Segment of K3 on F.Silkscreen
[silk_overlap]: Silkscreen clearance
    Rule: Einschränkungen aus Platinenkonfiguration zum Bestückungsdruck; warning
    @(77.0000 mm, 38.0000 mm): Segment on F.Silkscreen
    @(77.0500 mm, 124.9500 mm): Segment of K3 on F.Silkscreen
[silk_overlap]: Silkscreen clearance
    Rule: Einschränkungen aus Platinenkonfiguration zum Bestückungsdruck; warning
    @(78.5500 mm, 124.9500 mm): Segment of K3 on F.Silkscreen
    @(77.0000 mm, 38.0000 mm): Segment on F.Silkscreen
[silk_overlap]: Silkscreen clearance
    Rule: Einschränkungen aus Platinenkonfiguration zum Bestückungsdruck; warning
    @(77.0000 mm, 38.0000 mm): Segment on F.Silkscreen
    @(89.4000 mm, 90.8000 mm): Segment of K1 on F.Silkscreen
[silk_overlap]: Silkscreen clearance
    Rule: Einschränkungen aus Platinenkonfiguration zum Bestückungsdruck; warning
    @(69.6000 mm, 97.2000 mm): Segment of K2 on F.Silkscreen
    @(77.0000 mm, 38.0000 mm): Segment on F.Silkscreen
[silk_overlap]: Silkscreen clearance
    Rule: Einschränkungen aus Platinenkonfiguration zum Bestückungsdruck; warning
    @(77.0000 mm, 38.0000 mm): Segment on F.Silkscreen
    @(77.0500 mm, 104.9500 mm): Segment of K2 on F.Silkscreen
[silk_overlap]: Silkscreen clearance
    Rule: Einschränkungen aus Platinenkonfiguration zum Bestückungsdruck; warning
    @(77.0000 mm, 38.0000 mm): Segment on F.Silkscreen
    @(78.5500 mm, 104.9500 mm): Segment of K2 on F.Silkscreen
[silk_overlap]: Silkscreen clearance
    Rule: Einschränkungen aus Platinenkonfiguration zum Bestückungsdruck; warning
    @(77.0000 mm, 38.0000 mm): Segment on F.Silkscreen
    @(89.4000 mm, 112.8000 mm): Segment of K2 on F.Silkscreen

** Found 0 unconnected pads **

** Found 0 Footprint errors **

** Ignored checks **
    - Footprint has no courtyard defined
    - Track endpoint not centered on via
    - Tuning profile track geometries
    - Footprint doesn't match symbol's footprint filters
    - Footprint component type doesn't match footprint pads

** End of Report **
