** Drc report for pumpengruppe-rs485.kicad_pcb **
** Created on 2026-06-29T18:56:01 **
** Report includes: Errors, Warnings, Exclusions **

** Found 151 DRC violations **
[clearance]: Freiraum-Verstoß (Netzklasse "Default" Freiraum 0,2000 mm; tatsächlich 0,0773 mm)
    Rule: Netzklasse "Default"; error
    @(194.3000 mm, 130.5000 mm): Pad A5 [USB_CC1] of X6 on F.Cu
    @(188.8000 mm, 126.5000 mm): Track [USB_VBUS] on F.Cu, length 7.7782 mm
[clearance]: Freiraum-Verstoß (Netzklasse "Doppelte Dicke" Freiraum 0,2000 mm; tatsächlich 0,0243 mm)
    Rule: Netzklasse "Doppelte Dicke"; error
    @(184.5000 mm, 124.5000 mm): Pad 3 [USB_D-] of U6 on F.Cu
    @(184.2000 mm, 123.5000 mm): Track [GND] on F.Cu, length 12.0208 mm
[solder_mask_bridge]: Vorderseitige Lötstoppöffnung über Elementen mit verschiedenen Netzen
    Rule: Mindestbreite der Lötstoppmaske aus Platinenkonfiguration; error
    @(184.2000 mm, 123.5000 mm): Track [GND] on F.Cu, length 12.0208 mm
    @(184.5000 mm, 124.5000 mm): Pad 3 [USB_D-] of U6 on F.Cu
[track_dangling]: Track has unconnected end
    Local override; warning
    @(111.4000 mm, 43.6000 mm): Track [GND] on F.Cu, length 1.5556 mm
[track_dangling]: Track has unconnected end
    Local override; warning
    @(112.5000 mm, 133.7000 mm): Track [GND] on F.Cu, length 1.5556 mm
[via_dangling]: Via is not connected or connected on only one layer
    Local override; warning
    @(122.0250 mm, 68.0000 mm): Via [GND] on F.Cu - B.Cu
[silk_edge_clearance]: Silkscreen clipped by board edge
    Rule: Einschränkungen aus Platinenkonfiguration zum Bestückungsdruck; warning
    @(81.0000 mm, 38.0000 mm): Rectangle on Edge.Cuts
    @(86.4200 mm, 46.1200 mm): Reference field of PSU1
[silk_edge_clearance]: Silkscreen clipped by board edge
    Rule: Einschränkungen aus Platinenkonfiguration zum Bestückungsdruck; warning
    @(81.0000 mm, 38.0000 mm): Rectangle on Edge.Cuts
    @(60.3000 mm, 46.7000 mm): Segment of PSU1 on F.Silkscreen
[silk_edge_clearance]: Silkscreen clipped by board edge
    Rule: Einschränkungen aus Platinenkonfiguration zum Bestückungsdruck; warning
    @(81.0000 mm, 38.0000 mm): Rectangle on Edge.Cuts
    @(60.3000 mm, 72.3000 mm): Segment of PSU1 on F.Silkscreen
[silk_edge_clearance]: Silkscreen clipped by board edge
    Rule: Einschränkungen aus Platinenkonfiguration zum Bestückungsdruck; warning
    @(81.0000 mm, 38.0000 mm): Rectangle on Edge.Cuts
    @(66.0000 mm, 76.0000 mm): Rectangle of K1 on F.Silkscreen
[silk_edge_clearance]: Silkscreen clipped by board edge
    Rule: Einschränkungen aus Platinenkonfiguration zum Bestückungsdruck; warning
    @(81.0000 mm, 38.0000 mm): Rectangle on Edge.Cuts
    @(66.0000 mm, 99.0000 mm): Rectangle of K2 on F.Silkscreen
[silk_edge_clearance]: Silkscreen clipped by board edge
    Rule: Einschränkungen aus Platinenkonfiguration zum Bestückungsdruck; warning
    @(81.0000 mm, 38.0000 mm): Rectangle on Edge.Cuts
    @(66.0000 mm, 118.0000 mm): Rectangle of K3 on F.Silkscreen
[silk_edge_clearance]: Silkscreen clipped by board edge
    Rule: Einschränkungen aus Platinenkonfiguration zum Bestückungsdruck; warning
    @(39.8000 mm, 32.5000 mm): Rectangle on Edge.Cuts
    @(149.8800 mm, 26.6400 mm): Segment of U1 on F.Silkscreen
[silk_edge_clearance]: Silkscreen clipped by board edge
    Rule: Einschränkungen aus Platinenkonfiguration zum Bestückungsdruck; warning
    @(39.8000 mm, 32.5000 mm): Rectangle on Edge.Cuts
    @(168.1200 mm, 26.6400 mm): Segment of U1 on F.Silkscreen
[silk_edge_clearance]: Silkscreen clipped by board edge
    Rule: Einschränkungen aus Platinenkonfiguration zum Bestückungsdruck; warning
    @(39.8000 mm, 32.5000 mm): Rectangle on Edge.Cuts
    @(191.3000 mm, 134.0000 mm): Rectangle of X6 on F.Silkscreen
[silk_edge_clearance]: Silkscreen clipped by board edge
    Rule: Einschränkungen aus Platinenkonfiguration zum Bestückungsdruck; warning
    @(39.8000 mm, 32.5000 mm): Rectangle on Edge.Cuts
    @(184.7700 mm, 72.0250 mm): Segment of J1 on F.Silkscreen
[silk_edge_clearance]: Silkscreen clipped by board edge
    Rule: Einschränkungen aus Platinenkonfiguration zum Bestückungsdruck; warning
    @(39.8000 mm, 32.5000 mm): Rectangle on Edge.Cuts
    @(184.7700 mm, 87.5450 mm): Segment of J1 on F.Silkscreen
[silk_edge_clearance]: Silkscreen clipped by board edge
    Rule: Einschränkungen aus Platinenkonfiguration zum Bestückungsdruck; warning
    @(39.8000 mm, 32.5000 mm): Rectangle on Edge.Cuts
    @(184.7700 mm, 89.0250 mm): Segment of J2 on F.Silkscreen
[silk_edge_clearance]: Silkscreen clipped by board edge
    Rule: Einschränkungen aus Platinenkonfiguration zum Bestückungsdruck; warning
    @(39.8000 mm, 32.5000 mm): Rectangle on Edge.Cuts
    @(184.7700 mm, 104.5450 mm): Segment of J2 on F.Silkscreen
[lib_footprint_mismatch]: Footprint "ESP32-WROOM-32D" stimmt nicht mit Kopie in Bibliothek "RF_Module" überein.
    Local override; warning
    @(159.0000 mm, 42.5000 mm): Footprint U1
[lib_footprint_mismatch]: Footprint "SOT-223-3_TabPin2" stimmt nicht mit Kopie in Bibliothek "Package_TO_SOT_SMD" überein.
    Local override; warning
    @(137.5000 mm, 41.0000 mm): Footprint U5
[lib_footprint_mismatch]: Footprint "SOIC-16_3.9x9.9mm_P1.27mm" stimmt nicht mit Kopie in Bibliothek "Package_SO" überein.
    Local override; warning
    @(181.0000 mm, 43.0000 mm): Footprint U2
[lib_footprint_mismatch]: Footprint "SOIC-16_3.9x9.9mm_P1.27mm" stimmt nicht mit Kopie in Bibliothek "Package_SO" überein.
    Local override; warning
    @(181.0000 mm, 53.0000 mm): Footprint U3
[lib_footprint_mismatch]: Footprint "SOIC-8_3.9x4.9mm_P1.27mm" stimmt nicht mit Kopie in Bibliothek "Package_SO" überein.
    Local override; warning
    @(145.5000 mm, 104.5000 mm): Footprint U4
[lib_footprint_mismatch]: Footprint "USB_C_Receptacle_HRO_TYPE-C-31-M-12" stimmt nicht mit Kopie in Bibliothek "Connector_USB" überein.
    Local override; warning
    @(196.3000 mm, 129.0000 mm): Footprint X6
[lib_footprint_mismatch]: Footprint "QFN-24-1EP_4x4mm_P0.5mm_EP2.7x2.7mm" stimmt nicht mit Kopie in Bibliothek "Package_DFN_QFN" überein.
    Local override; warning
    @(181.5000 mm, 124.5000 mm): Footprint U6
[lib_footprint_mismatch]: Footprint "R_0603_1608Metric" stimmt nicht mit Kopie in Bibliothek "Resistor_SMD" überein.
    Local override; warning
    @(176.5000 mm, 132.0000 mm): Footprint R1
[lib_footprint_mismatch]: Footprint "R_0603_1608Metric" stimmt nicht mit Kopie in Bibliothek "Resistor_SMD" überein.
    Local override; warning
    @(183.7000 mm, 132.0000 mm): Footprint R2
[lib_footprint_mismatch]: Footprint "R_0603_1608Metric" stimmt nicht mit Kopie in Bibliothek "Resistor_SMD" überein.
    Local override; warning
    @(171.5000 mm, 102.0000 mm): Footprint R3
[lib_footprint_mismatch]: Footprint "PinHeader_1x03_P2.54mm_Vertical" stimmt nicht mit Kopie in Bibliothek "Connector_PinHeader_2.54mm" überein.
    Local override; warning
    @(176.0000 mm, 96.5000 mm): Footprint JP1
[lib_footprint_mismatch]: Footprint "R_1206_3216Metric" stimmt nicht mit Kopie in Bibliothek "Resistor_SMD" überein.
    Local override; warning
    @(73.5000 mm, 41.0000 mm): Footprint R40
[lib_footprint_mismatch]: Footprint "Fuse_1812_4532Metric" stimmt nicht mit Kopie in Bibliothek "Fuse" überein.
    Local override; warning
    @(171.0000 mm, 88.5000 mm): Footprint F2
[lib_footprint_mismatch]: Footprint "D_SOD-123" stimmt nicht mit Kopie in Bibliothek "Diode_SMD" überein.
    Local override; warning
    @(137.5000 mm, 125.0000 mm): Footprint D4
[lib_footprint_mismatch]: Footprint "R_0603_1608Metric" stimmt nicht mit Kopie in Bibliothek "Resistor_SMD" überein.
    Local override; warning
    @(99.1500 mm, 81.4500 mm): Footprint R4
[lib_footprint_mismatch]: Footprint "R_0603_1608Metric" stimmt nicht mit Kopie in Bibliothek "Resistor_SMD" überein.
    Local override; warning
    @(103.9500 mm, 81.4500 mm): Footprint R7
[lib_footprint_mismatch]: Footprint "SOT-23" stimmt nicht mit Kopie in Bibliothek "Package_TO_SOT_SMD" überein.
    Local override; warning
    @(100.9500 mm, 85.4500 mm): Footprint Q1
[lib_footprint_mismatch]: Footprint "D_SOD-123" stimmt nicht mit Kopie in Bibliothek "Diode_SMD" überein.
    Local override; warning
    @(102.0000 mm, 78.4500 mm): Footprint D1
[lib_footprint_mismatch]: Footprint "R_0603_1608Metric" stimmt nicht mit Kopie in Bibliothek "Resistor_SMD" überein.
    Local override; warning
    @(99.9500 mm, 89.4500 mm): Footprint R10
[lib_footprint_mismatch]: Footprint "LED_0603_1608Metric" stimmt nicht mit Kopie in Bibliothek "LED_SMD" überein.
    Local override; warning
    @(105.9500 mm, 89.4500 mm): Footprint D10
[lib_footprint_mismatch]: Footprint "R_0603_1608Metric" stimmt nicht mit Kopie in Bibliothek "Resistor_SMD" überein.
    Local override; warning
    @(99.7000 mm, 103.0000 mm): Footprint R5
[lib_footprint_mismatch]: Footprint "R_0603_1608Metric" stimmt nicht mit Kopie in Bibliothek "Resistor_SMD" überein.
    Local override; warning
    @(104.7000 mm, 103.0000 mm): Footprint R8
[lib_footprint_mismatch]: Footprint "SOT-23" stimmt nicht mit Kopie in Bibliothek "Package_TO_SOT_SMD" überein.
    Local override; warning
    @(101.7000 mm, 107.0000 mm): Footprint Q2
[lib_footprint_mismatch]: Footprint "D_SOD-123" stimmt nicht mit Kopie in Bibliothek "Diode_SMD" überein.
    Local override; warning
    @(102.0000 mm, 98.5000 mm): Footprint D2
[lib_footprint_mismatch]: Footprint "R_0603_1608Metric" stimmt nicht mit Kopie in Bibliothek "Resistor_SMD" überein.
    Local override; warning
    @(100.7000 mm, 111.0000 mm): Footprint R11
[lib_footprint_mismatch]: Footprint "LED_0603_1608Metric" stimmt nicht mit Kopie in Bibliothek "LED_SMD" überein.
    Local override; warning
    @(106.7000 mm, 111.0000 mm): Footprint D11
[lib_footprint_mismatch]: Footprint "R_0603_1608Metric" stimmt nicht mit Kopie in Bibliothek "Resistor_SMD" überein.
    Local override; warning
    @(99.0500 mm, 122.0000 mm): Footprint R6
[lib_footprint_mismatch]: Footprint "R_0603_1608Metric" stimmt nicht mit Kopie in Bibliothek "Resistor_SMD" überein.
    Local override; warning
    @(105.0500 mm, 122.0000 mm): Footprint R9
[lib_footprint_mismatch]: Footprint "SOT-23" stimmt nicht mit Kopie in Bibliothek "Package_TO_SOT_SMD" überein.
    Local override; warning
    @(102.0500 mm, 126.0000 mm): Footprint Q3
[lib_footprint_mismatch]: Footprint "D_SOD-123" stimmt nicht mit Kopie in Bibliothek "Diode_SMD" überein.
    Local override; warning
    @(102.0500 mm, 118.0000 mm): Footprint D3
[lib_footprint_mismatch]: Footprint "R_0603_1608Metric" stimmt nicht mit Kopie in Bibliothek "Resistor_SMD" überein.
    Local override; warning
    @(101.0500 mm, 133.0000 mm): Footprint R12
[lib_footprint_mismatch]: Footprint "LED_0603_1608Metric" stimmt nicht mit Kopie in Bibliothek "LED_SMD" überein.
    Local override; warning
    @(107.0500 mm, 133.0000 mm): Footprint D12
[lib_footprint_mismatch]: Footprint "R_0603_1608Metric" stimmt nicht mit Kopie in Bibliothek "Resistor_SMD" überein.
    Local override; warning
    @(175.8000 mm, 74.5000 mm): Footprint R20
[lib_footprint_mismatch]: Footprint "LED_0603_1608Metric" stimmt nicht mit Kopie in Bibliothek "LED_SMD" überein.
    Local override; warning
    @(181.8000 mm, 72.5000 mm): Footprint D20
[lib_footprint_mismatch]: Footprint "R_0603_1608Metric" stimmt nicht mit Kopie in Bibliothek "Resistor_SMD" überein.
    Local override; warning
    @(175.8000 mm, 79.5000 mm): Footprint R21
[lib_footprint_mismatch]: Footprint "LED_0603_1608Metric" stimmt nicht mit Kopie in Bibliothek "LED_SMD" überein.
    Local override; warning
    @(181.8000 mm, 79.5000 mm): Footprint D21
[lib_footprint_mismatch]: Footprint "R_0603_1608Metric" stimmt nicht mit Kopie in Bibliothek "Resistor_SMD" überein.
    Local override; warning
    @(158.3000 mm, 99.0000 mm): Footprint R30
[lib_footprint_mismatch]: Footprint "LED_0603_1608Metric" stimmt nicht mit Kopie in Bibliothek "LED_SMD" überein.
    Local override; warning
    @(164.7000 mm, 99.0000 mm): Footprint D30
[lib_footprint_mismatch]: Footprint "R_0603_1608Metric" stimmt nicht mit Kopie in Bibliothek "Resistor_SMD" überein.
    Local override; warning
    @(158.2000 mm, 103.5000 mm): Footprint R31
[lib_footprint_mismatch]: Footprint "LED_0603_1608Metric" stimmt nicht mit Kopie in Bibliothek "LED_SMD" überein.
    Local override; warning
    @(164.7000 mm, 103.5000 mm): Footprint D31
[lib_footprint_mismatch]: Footprint "R_0603_1608Metric" stimmt nicht mit Kopie in Bibliothek "Resistor_SMD" überein.
    Local override; warning
    @(168.7000 mm, 132.0000 mm): Footprint R32
[lib_footprint_mismatch]: Footprint "R_1206_3216Metric" stimmt nicht mit Kopie in Bibliothek "Resistor_SMD" überein.
    Local override; warning
    @(68.5000 mm, 41.0000 mm): Footprint R41
[lib_footprint_mismatch]: Footprint "LED_0805_2012Metric" stimmt nicht mit Kopie in Bibliothek "LED_SMD" überein.
    Local override; warning
    @(62.5000 mm, 42.5000 mm): Footprint D40
[lib_footprint_mismatch]: Footprint "D_SOD-123" stimmt nicht mit Kopie in Bibliothek "Diode_SMD" überein.
    Local override; warning
    @(57.0000 mm, 42.5000 mm): Footprint D41
[lib_footprint_mismatch]: Footprint "RV_Disc_D12mm_W3.9mm_P7.5mm" stimmt nicht mit Kopie in Bibliothek "Varistor" überein.
    Local override; warning
    @(61.0000 mm, 113.2500 mm): Footprint RV1
[lib_footprint_mismatch]: Footprint "D_SOD-123" stimmt nicht mit Kopie in Bibliothek "Diode_SMD" überein.
    Local override; warning
    @(167.7000 mm, 118.5000 mm): Footprint D50
[lib_footprint_mismatch]: Footprint "D_SOD-123" stimmt nicht mit Kopie in Bibliothek "Diode_SMD" überein.
    Local override; warning
    @(167.7000 mm, 125.0000 mm): Footprint D51
[lib_footprint_mismatch]: Footprint "D_SOD-123" stimmt nicht mit Kopie in Bibliothek "Diode_SMD" überein.
    Local override; warning
    @(167.7000 mm, 112.5000 mm): Footprint D52
[lib_footprint_mismatch]: Footprint "RJ45_Amphenol_54602-x08_Horizontal" stimmt nicht mit Kopie in Bibliothek "Connector_RJ" überein.
    Local override; warning
    @(188.6500 mm, 84.2300 mm): Footprint J1
[lib_footprint_mismatch]: Footprint "RJ45_Amphenol_54602-x08_Horizontal" stimmt nicht mit Kopie in Bibliothek "Connector_RJ" überein.
    Local override; warning
    @(188.6500 mm, 101.2300 mm): Footprint J2
[text_height]: Schrifthöhe außerhalb des zulässigen Bereichs (Einschränkungen aus Platinenkonfiguration zur Bestückungsdruckhöhe min. Breite 0,8000 mm; tatsächlich 0,6500 mm)
    Rule: Einschränkungen aus Platinenkonfiguration zur Bestückungsdruckhöhe; warning
    @(165.0000 mm, 140.0000 mm): PCB text 'RJ45: 1/2=5V 3/6=NC 4=A 5=B 7/8=GND' on F.Silkscreen
[text_height]: Schrifthöhe außerhalb des zulässigen Bereichs (Einschränkungen aus Platinenkonfiguration zur Bestückungsdruckhöhe min. Breite 0,8000 mm; tatsächlich 0,6500 mm)
    Rule: Einschränkungen aus Platinenkonfiguration zur Bestückungsdruckhöhe; warning
    @(188.5000 mm, 61.0000 mm): PCB text 'GND' on F.Silkscreen
[text_height]: Schrifthöhe außerhalb des zulässigen Bereichs (Einschränkungen aus Platinenkonfiguration zur Bestückungsdruckhöhe min. Breite 0,8000 mm; tatsächlich 0,6500 mm)
    Rule: Einschränkungen aus Platinenkonfiguration zur Bestückungsdruckhöhe; warning
    @(189.0000 mm, 108.5000 mm): PCB text 'GND' on F.Silkscreen
[text_height]: Schrifthöhe außerhalb des zulässigen Bereichs (Einschränkungen aus Platinenkonfiguration zur Bestückungsdruckhöhe min. Breite 0,8000 mm; tatsächlich 0,7500 mm)
    Rule: Einschränkungen aus Platinenkonfiguration zur Bestückungsdruckhöhe; warning
    @(188.5000 mm, 64.5000 mm): PCB text 'B' on F.Silkscreen
[text_height]: Schrifthöhe außerhalb des zulässigen Bereichs (Einschränkungen aus Platinenkonfiguration zur Bestückungsdruckhöhe min. Breite 0,8000 mm; tatsächlich 0,7500 mm)
    Rule: Einschränkungen aus Platinenkonfiguration zur Bestückungsdruckhöhe; warning
    @(188.5000 mm, 68.0000 mm): PCB text 'A' on F.Silkscreen
[text_height]: Schrifthöhe außerhalb des zulässigen Bereichs (Einschränkungen aus Platinenkonfiguration zur Bestückungsdruckhöhe min. Breite 0,8000 mm; tatsächlich 0,7500 mm)
    Rule: Einschränkungen aus Platinenkonfiguration zur Bestückungsdruckhöhe; warning
    @(189.0000 mm, 112.0000 mm): PCB text 'B' on F.Silkscreen
[text_height]: Schrifthöhe außerhalb des zulässigen Bereichs (Einschränkungen aus Platinenkonfiguration zur Bestückungsdruckhöhe min. Breite 0,8000 mm; tatsächlich 0,7500 mm)
    Rule: Einschränkungen aus Platinenkonfiguration zur Bestückungsdruckhöhe; warning
    @(189.0000 mm, 115.5000 mm): PCB text 'A' on F.Silkscreen
[silk_overlap]: Silkscreen clearance
    Rule: Einschränkungen aus Platinenkonfiguration zum Bestückungsdruck; warning
    @(180.2000 mm, 78.7000 mm): Rectangle of D21 on F.Silkscreen
    @(183.6500 mm, 79.7850 mm): Reference field of J1
[silk_overlap]: Silkscreen clearance
    Rule: Einschränkungen aus Platinenkonfiguration zum Bestückungsdruck; warning
    @(164.7000 mm, 101.0000 mm): Footprint text of D30 (TX)
    @(164.7000 mm, 101.5000 mm): Reference field of D31
[silk_overlap]: Silkscreen clearance
    Rule: Einschränkungen aus Platinenkonfiguration zum Bestückungsdruck; warning
    @(66.0000 mm, 99.0000 mm): Rectangle of K2 on F.Silkscreen
    @(92.5000 mm, 134.0000 mm): PCB text 'TEMP INPUT: LEFT 230V/RELAY SIDE DNP' on F.Silkscreen
[silk_overlap]: Silkscreen clearance
    Rule: Einschränkungen aus Platinenkonfiguration zum Bestückungsdruck; warning
    @(60.3000 mm, 46.7000 mm): Segment of PSU1 on F.Silkscreen
    @(86.4200 mm, 46.1200 mm): Reference field of PSU1
[silk_overlap]: Silkscreen clearance
    Rule: Einschränkungen aus Platinenkonfiguration zum Bestückungsdruck; warning
    @(103.9500 mm, 79.4500 mm): Reference field of R7
    @(99.5000 mm, 77.2500 mm): Rectangle of D1 on F.Silkscreen
[silk_overlap]: Silkscreen clearance
    Rule: Einschränkungen aus Platinenkonfiguration zum Bestückungsdruck; warning
    @(97.5500 mm, 80.6500 mm): Rectangle of R4 on F.Silkscreen
    @(100.9500 mm, 82.6500 mm): Reference field of Q1
[silk_overlap]: Silkscreen clearance
    Rule: Einschränkungen aus Platinenkonfiguration zum Bestückungsdruck; warning
    @(99.1500 mm, 79.4500 mm): Reference field of R4
    @(99.5000 mm, 77.2500 mm): Rectangle of D1 on F.Silkscreen
[silk_overlap]: Silkscreen clearance
    Rule: Einschränkungen aus Platinenkonfiguration zum Bestückungsdruck; warning
    @(99.1500 mm, 83.8500 mm): Rectangle of Q1 on F.Silkscreen
    @(99.9500 mm, 87.4500 mm): Reference field of R10
[silk_overlap]: Silkscreen clearance
    Rule: Einschränkungen aus Platinenkonfiguration zum Bestückungsdruck; warning
    @(99.9000 mm, 105.4000 mm): Rectangle of Q2 on F.Silkscreen
    @(100.7000 mm, 109.0000 mm): Reference field of R11
[silk_overlap]: Silkscreen clearance
    Rule: Einschränkungen aus Platinenkonfiguration zum Bestückungsdruck; warning
    @(98.1000 mm, 102.2000 mm): Rectangle of R5 on F.Silkscreen
    @(101.7000 mm, 104.2000 mm): Reference field of Q2
[silk_overlap]: Silkscreen clearance
    Rule: Einschränkungen aus Platinenkonfiguration zum Bestückungsdruck; warning
    @(66.0000 mm, 99.0000 mm): Rectangle of K2 on F.Silkscreen
    @(91.0000 mm, 38.0000 mm): Segment on F.Silkscreen
[silk_overlap]: Silkscreen clearance
    Rule: Einschränkungen aus Platinenkonfiguration zum Bestückungsdruck; warning
    @(66.0000 mm, 118.0000 mm): Rectangle of K3 on F.Silkscreen
    @(91.0000 mm, 38.0000 mm): Segment on F.Silkscreen
[silk_overlap]: Silkscreen clearance
    Rule: Einschränkungen aus Platinenkonfiguration zum Bestückungsdruck; warning
    @(60.3000 mm, 46.7000 mm): Segment of PSU1 on F.Silkscreen
    @(91.0000 mm, 38.0000 mm): Segment on F.Silkscreen
[silk_overlap]: Silkscreen clearance
    Rule: Einschränkungen aus Platinenkonfiguration zum Bestückungsdruck; warning
    @(60.3000 mm, 72.3000 mm): Segment of PSU1 on F.Silkscreen
    @(91.0000 mm, 38.0000 mm): Segment on F.Silkscreen
[silk_overlap]: Silkscreen clearance
    Rule: Einschränkungen aus Platinenkonfiguration zum Bestückungsdruck; warning
    @(66.0000 mm, 76.0000 mm): Rectangle of K1 on F.Silkscreen
    @(91.0000 mm, 38.0000 mm): Segment on F.Silkscreen
[silk_overlap]: Silkscreen clearance
    Rule: Einschränkungen aus Platinenkonfiguration zum Bestückungsdruck; warning
    @(66.0000 mm, 118.0000 mm): Rectangle of K3 on F.Silkscreen
    @(92.5000 mm, 134.0000 mm): PCB text 'TEMP INPUT: LEFT 230V/RELAY SIDE DNP' on F.Silkscreen
[silk_overlap]: Silkscreen clearance
    Rule: Einschränkungen aus Platinenkonfiguration zum Bestückungsdruck; warning
    @(66.0000 mm, 99.0000 mm): Rectangle of K2 on F.Silkscreen
    @(84.0000 mm, 88.0000 mm): PCB text '8mm+ ISOLATION SLOT / KEEP OUT' on F.Silkscreen
[silk_overlap]: Silkscreen clearance
    Rule: Einschränkungen aus Platinenkonfiguration zum Bestückungsdruck; warning
    @(66.0000 mm, 76.0000 mm): Rectangle of K1 on F.Silkscreen
    @(84.0000 mm, 88.0000 mm): PCB text '8mm+ ISOLATION SLOT / KEEP OUT' on F.Silkscreen
[silk_overlap]: Silkscreen clearance
    Rule: Einschränkungen aus Platinenkonfiguration zum Bestückungsdruck; warning
    @(60.3000 mm, 72.3000 mm): Segment of PSU1 on F.Silkscreen
    @(84.0000 mm, 88.0000 mm): PCB text '8mm+ ISOLATION SLOT / KEEP OUT' on F.Silkscreen
[silk_overlap]: Silkscreen clearance
    Rule: Einschränkungen aus Platinenkonfiguration zum Bestückungsdruck; warning
    @(66.0000 mm, 99.0000 mm): Rectangle of K2 on F.Silkscreen
    @(77.0000 mm, 38.0000 mm): Segment on F.Silkscreen
[silk_overlap]: Silkscreen clearance
    Rule: Einschränkungen aus Platinenkonfiguration zum Bestückungsdruck; warning
    @(66.0000 mm, 118.0000 mm): Rectangle of K3 on F.Silkscreen
    @(77.0000 mm, 38.0000 mm): Segment on F.Silkscreen
[silk_overlap]: Silkscreen clearance
    Rule: Einschränkungen aus Platinenkonfiguration zum Bestückungsdruck; warning
    @(77.0000 mm, 38.0000 mm): Segment on F.Silkscreen
    @(60.3000 mm, 46.7000 mm): Segment of PSU1 on F.Silkscreen
[silk_overlap]: Silkscreen clearance
    Rule: Einschränkungen aus Platinenkonfiguration zum Bestückungsdruck; warning
    @(60.3000 mm, 72.3000 mm): Segment of PSU1 on F.Silkscreen
    @(77.0000 mm, 38.0000 mm): Segment on F.Silkscreen
[silk_overlap]: Silkscreen clearance
    Rule: Einschränkungen aus Platinenkonfiguration zum Bestückungsdruck; warning
    @(66.0000 mm, 76.0000 mm): Rectangle of K1 on F.Silkscreen
    @(77.0000 mm, 38.0000 mm): Segment on F.Silkscreen
[silk_overlap]: Silkscreen clearance
    Rule: Einschränkungen aus Platinenkonfiguration zum Bestückungsdruck; warning
    @(66.0000 mm, 118.0000 mm): Rectangle of K3 on F.Silkscreen
    @(59.0000 mm, 132.0000 mm): PCB text 'DNP IN TEMP VARIANT' on F.Silkscreen
[silk_overlap]: Silkscreen clearance
    Rule: Einschränkungen aus Platinenkonfiguration zum Bestückungsdruck; warning
    @(45.8000 mm, 107.5000 mm): Rectangle of X3 on F.Silkscreen
    @(59.0000 mm, 132.0000 mm): PCB text 'DNP IN TEMP VARIANT' on F.Silkscreen
[silk_over_copper]: Silkscreen clipped by solder mask
    Local override; warning
    @(191.3000 mm, 134.0000 mm): Rectangle of X6 on F.Silkscreen
    @(196.3000 mm, 134.0000 mm): PTH pad SH [GND] of X6
[silk_over_copper]: Silkscreen clipped by solder mask
    Local override; warning
    @(191.3000 mm, 134.0000 mm): Rectangle of X6 on F.Silkscreen
    @(196.3000 mm, 124.0000 mm): PTH pad SH [GND] of X6
[silk_over_copper]: Silkscreen clipped by solder mask
    Local override; warning
    @(185.0000 mm, 128.0000 mm): Rectangle of U6 on F.Silkscreen
    @(178.5000 mm, 124.0000 mm): Pad 7 [<no net>] of U6 on F.Cu
[silk_over_copper]: Silkscreen clipped by solder mask
    Local override; warning
    @(185.0000 mm, 128.0000 mm): Rectangle of U6 on F.Silkscreen
    @(178.5000 mm, 123.0000 mm): Pad 8 [<no net>] of U6 on F.Cu
[silk_over_copper]: Silkscreen clipped by solder mask
    Local override; warning
    @(185.0000 mm, 128.0000 mm): Rectangle of U6 on F.Silkscreen
    @(178.5000 mm, 126.0000 mm): Pad 5 [UART_RX] of U6 on F.Cu
[silk_over_copper]: Silkscreen clipped by solder mask
    Local override; warning
    @(185.0000 mm, 128.0000 mm): Rectangle of U6 on F.Silkscreen
    @(178.5000 mm, 125.0000 mm): Pad 6 [UART_TX] of U6 on F.Cu
[silk_over_copper]: Silkscreen clipped by solder mask
    Local override; warning
    @(185.0000 mm, 128.0000 mm): Rectangle of U6 on F.Silkscreen
    @(184.5000 mm, 123.5000 mm): Pad 4 [GND] of U6 on F.Cu
[silk_over_copper]: Silkscreen clipped by solder mask
    Local override; warning
    @(185.0000 mm, 128.0000 mm): Rectangle of U6 on F.Silkscreen
    @(184.5000 mm, 126.5000 mm): Pad 1 [USB_VBUS] of U6 on F.Cu
[silk_over_copper]: Silkscreen clipped by solder mask
    Local override; warning
    @(185.0000 mm, 128.0000 mm): Rectangle of U6 on F.Silkscreen
    @(184.5000 mm, 125.5000 mm): Pad 2 [USB_D+] of U6 on F.Cu
[silk_over_copper]: Silkscreen clipped by solder mask
    Local override; warning
    @(185.0000 mm, 128.0000 mm): Rectangle of U6 on F.Silkscreen
    @(184.5000 mm, 124.5000 mm): Pad 3 [USB_D-] of U6 on F.Cu
[silk_over_copper]: Silkscreen clipped by solder mask
    Local override; warning
    @(92.5000 mm, 134.0000 mm): PCB text 'TEMP INPUT: LEFT 230V/RELAY SIDE DNP' on F.Silkscreen
    @(91.0000 mm, 108.5000 mm): PTH pad A2 [MIX_ENABLE_COIL_L] of K2
[silk_over_copper]: Silkscreen clipped by solder mask
    Local override; warning
    @(141.0000 mm, 37.0000 mm): Rectangle of U5 on F.Silkscreen
    @(139.8000 mm, 41.0000 mm): Pad 2 [+3V3] of U5 on F.Cu
[silk_over_copper]: Silkscreen clipped by solder mask
    Local override; warning
    @(186.0000 mm, 47.0000 mm): Rectangle of U2 on F.Silkscreen
    @(175.9000 mm, 39.5000 mm): Pad 9 [SPI_SCK] of U2 on F.Cu
[silk_over_copper]: Silkscreen clipped by solder mask
    Local override; warning
    @(186.0000 mm, 47.0000 mm): Rectangle of U2 on F.Silkscreen
    @(175.9000 mm, 40.5000 mm): Pad 10 [SPI_MOSI] of U2 on F.Cu
[silk_over_copper]: Silkscreen clipped by solder mask
    Local override; warning
    @(186.0000 mm, 47.0000 mm): Rectangle of U2 on F.Silkscreen
    @(175.9000 mm, 41.5000 mm): Pad 11 [SPI_MISO] of U2 on F.Cu
[silk_over_copper]: Silkscreen clipped by solder mask
    Local override; warning
    @(186.0000 mm, 47.0000 mm): Rectangle of U2 on F.Silkscreen
    @(175.9000 mm, 46.5000 mm): Pad 16 [+3V3] of U2 on F.Cu
[silk_over_copper]: Silkscreen clipped by solder mask
    Local override; warning
    @(186.0000 mm, 47.0000 mm): Rectangle of U2 on F.Silkscreen
    @(186.1000 mm, 39.5000 mm): Pad 8 [GND] of U2 on F.Cu
[silk_over_copper]: Silkscreen clipped by solder mask
    Local override; warning
    @(186.0000 mm, 47.0000 mm): Rectangle of U2 on F.Silkscreen
    @(186.1000 mm, 46.5000 mm): Pad 1 [RTD_VL_P] of U2 on F.Cu
[silk_over_copper]: Silkscreen clipped by solder mask
    Local override; warning
    @(186.0000 mm, 47.0000 mm): Rectangle of U2 on F.Silkscreen
    @(186.1000 mm, 45.5000 mm): Pad 2 [RTD_VL_N] of U2 on F.Cu
[silk_over_copper]: Silkscreen clipped by solder mask
    Local override; warning
    @(186.0000 mm, 57.0000 mm): Rectangle of U3 on F.Silkscreen
    @(175.9000 mm, 49.5000 mm): Pad 9 [SPI_SCK] of U3 on F.Cu
[silk_over_copper]: Silkscreen clipped by solder mask
    Local override; warning
    @(186.0000 mm, 57.0000 mm): Rectangle of U3 on F.Silkscreen
    @(175.9000 mm, 50.5000 mm): Pad 10 [SPI_MOSI] of U3 on F.Cu
[silk_over_copper]: Silkscreen clipped by solder mask
    Local override; warning
    @(186.0000 mm, 57.0000 mm): Rectangle of U3 on F.Silkscreen
    @(175.9000 mm, 51.5000 mm): Pad 11 [SPI_MISO] of U3 on F.Cu
[silk_over_copper]: Silkscreen clipped by solder mask
    Local override; warning
    @(186.0000 mm, 57.0000 mm): Rectangle of U3 on F.Silkscreen
    @(175.9000 mm, 56.5000 mm): Pad 16 [+3V3] of U3 on F.Cu
[silk_over_copper]: Silkscreen clipped by solder mask
    Local override; warning
    @(186.0000 mm, 57.0000 mm): Rectangle of U3 on F.Silkscreen
    @(186.1000 mm, 56.5000 mm): Pad 1 [RTD_RL_P] of U3 on F.Cu
[silk_over_copper]: Silkscreen clipped by solder mask
    Local override; warning
    @(186.0000 mm, 57.0000 mm): Rectangle of U3 on F.Silkscreen
    @(186.1000 mm, 55.5000 mm): Pad 2 [RTD_RL_N] of U3 on F.Cu
[silk_over_copper]: Silkscreen clipped by solder mask
    Local override; warning
    @(186.0000 mm, 57.0000 mm): Rectangle of U3 on F.Silkscreen
    @(186.1000 mm, 49.5000 mm): Pad 8 [GND] of U3 on F.Cu
[silk_over_copper]: Silkscreen clipped by solder mask
    Local override; warning
    @(142.3000 mm, 100.5000 mm): Rectangle of U4 on F.Silkscreen
    @(148.2000 mm, 106.4050 mm): Pad 5 [GND] of U4 on F.Cu
[silk_over_copper]: Silkscreen clipped by solder mask
    Local override; warning
    @(142.3000 mm, 100.5000 mm): Rectangle of U4 on F.Silkscreen
    @(148.2000 mm, 105.1350 mm): Pad 6 [RS485_A] of U4 on F.Cu
[silk_over_copper]: Silkscreen clipped by solder mask
    Local override; warning
    @(142.3000 mm, 100.5000 mm): Rectangle of U4 on F.Silkscreen
    @(148.2000 mm, 103.8650 mm): Pad 7 [RS485_B] of U4 on F.Cu
[silk_over_copper]: Silkscreen clipped by solder mask
    Local override; warning
    @(142.3000 mm, 100.5000 mm): Rectangle of U4 on F.Silkscreen
    @(148.2000 mm, 102.5950 mm): Pad 8 [+3V3] of U4 on F.Cu
[silk_over_copper]: Silkscreen clipped by solder mask
    Local override; warning
    @(142.3000 mm, 100.5000 mm): Rectangle of U4 on F.Silkscreen
    @(142.8000 mm, 102.5950 mm): Pad 1 [UART_RX] of U4 on F.Cu
[silk_over_copper]: Silkscreen clipped by solder mask
    Local override; warning
    @(142.3000 mm, 100.5000 mm): Rectangle of U4 on F.Silkscreen
    @(142.8000 mm, 103.8650 mm): Pad 2 [RS485_DE] of U4 on F.Cu
[silk_over_copper]: Silkscreen clipped by solder mask
    Local override; warning
    @(142.3000 mm, 100.5000 mm): Rectangle of U4 on F.Silkscreen
    @(142.8000 mm, 105.1350 mm): Pad 3 [RS485_DE] of U4 on F.Cu
[silk_over_copper]: Silkscreen clipped by solder mask
    Local override; warning
    @(142.3000 mm, 100.5000 mm): Rectangle of U4 on F.Silkscreen
    @(142.8000 mm, 106.4050 mm): Pad 4 [UART_TX] of U4 on F.Cu
[silk_over_copper]: Silkscreen clipped by solder mask
    Local override; warning
    @(103.9500 mm, 79.4500 mm): Reference field of R7
    @(103.8000 mm, 78.4500 mm): Pad 2 [PUMP_COIL_L] of D1 on F.Cu
[silk_over_copper]: Silkscreen clipped by solder mask
    Local override; warning
    @(100.5000 mm, 97.3000 mm): Segment of D2 on F.Silkscreen
    @(100.2000 mm, 98.5000 mm): Pad 1 [+5V] of D2 on F.Cu
[silk_over_copper]: Silkscreen clipped by solder mask
    Local override; warning
    @(136.0000 mm, 123.8000 mm): Segment of D4 on F.Silkscreen
    @(135.7000 mm, 125.0000 mm): Pad 1 [+5V] of D4 on F.Cu
[silk_over_copper]: Silkscreen clipped by solder mask
    Local override; warning
    @(100.5000 mm, 77.2500 mm): Segment of D1 on F.Silkscreen
    @(100.2000 mm, 78.4500 mm): Pad 1 [+5V] of D1 on F.Cu
[silk_over_copper]: Silkscreen clipped by solder mask
    Local override; warning
    @(92.5000 mm, 134.0000 mm): PCB text 'TEMP INPUT: LEFT 230V/RELAY SIDE DNP' on F.Silkscreen
    @(91.0000 mm, 101.5000 mm): PTH pad A1 [+5V] of K2
[silk_over_copper]: Silkscreen clipped by solder mask
    Local override; warning
    @(100.5500 mm, 116.8000 mm): Segment of D3 on F.Silkscreen
    @(100.2500 mm, 118.0000 mm): Pad 1 [+5V] of D3 on F.Cu
[silk_over_copper]: Silkscreen clipped by solder mask
    Local override; warning
    @(91.0000 mm, 38.0000 mm): Segment on F.Silkscreen
    @(91.0000 mm, 79.5000 mm): PTH pad A1 [+5V] of K1
[silk_over_copper]: Silkscreen clipped by solder mask
    Local override; warning
    @(91.0000 mm, 38.0000 mm): Segment on F.Silkscreen
    @(91.0000 mm, 86.5000 mm): PTH pad A2 [PUMP_COIL_L] of K1
[silk_over_copper]: Silkscreen clipped by solder mask
    Local override; warning
    @(91.0000 mm, 38.0000 mm): Segment on F.Silkscreen
    @(91.0000 mm, 101.5000 mm): PTH pad A1 [+5V] of K2
[silk_over_copper]: Silkscreen clipped by solder mask
    Local override; warning
    @(91.0000 mm, 38.0000 mm): Segment on F.Silkscreen
    @(91.0000 mm, 108.5000 mm): PTH pad A2 [MIX_ENABLE_COIL_L] of K2
[silk_over_copper]: Silkscreen clipped by solder mask
    Local override; warning
    @(91.0000 mm, 38.0000 mm): Segment on F.Silkscreen
    @(91.0000 mm, 121.5000 mm): PTH pad A1 [+5V] of K3
[silk_over_copper]: Silkscreen clipped by solder mask
    Local override; warning
    @(91.0000 mm, 38.0000 mm): Segment on F.Silkscreen
    @(91.0000 mm, 128.5000 mm): PTH pad A2 [MIX_DIR_COIL_L] of K3
[silk_over_copper]: Silkscreen clipped by solder mask
    Local override; warning
    @(92.5000 mm, 134.0000 mm): PCB text 'TEMP INPUT: LEFT 230V/RELAY SIDE DNP' on F.Silkscreen
    @(91.0000 mm, 128.5000 mm): PTH pad A2 [MIX_DIR_COIL_L] of K3
[silk_over_copper]: Silkscreen clipped by solder mask
    Local override; warning
    @(92.5000 mm, 134.0000 mm): PCB text 'TEMP INPUT: LEFT 230V/RELAY SIDE DNP' on F.Silkscreen
    @(91.0000 mm, 121.5000 mm): PTH pad A1 [+5V] of K3
[silk_over_copper]: Silkscreen clipped by solder mask
    Local override; warning
    @(59.0000 mm, 132.0000 mm): PCB text 'DNP IN TEMP VARIANT' on F.Silkscreen
    @(49.8000 mm, 133.9300 mm): PTH pad 4 [PE] of X3

** Found 0 unconnected pads **

** Found 315 Footprint errors **
[footprint_symbol_field_mismatch]: Fehlendes Symbolfeld "Supplier" in Footprint
    Local override; warning
    @(156.7750 mm, 71.0000 mm): Footprint C60
[net_conflict]: Das Pad-Netz (+5V) stimmt nicht mit dem im Schaltplan (/+5V) angegebenen Netz überein.
    Local override; warning
    @(156.0000 mm, 71.0000 mm): Pad 1 [+5V] of C60 on F.Cu
[net_conflict]: Das Pad-Netz (GND) stimmt nicht mit dem im Schaltplan (/GND) angegebenen Netz überein.
    Local override; warning
    @(157.5500 mm, 71.0000 mm): Pad 2 [GND] of C60 on F.Cu
[footprint_symbol_field_mismatch]: Fehlendes Symbolfeld "Supplier" in Footprint
    Local override; warning
    @(167.7750 mm, 71.0000 mm): Footprint C61
[net_conflict]: Das Pad-Netz (+5V) stimmt nicht mit dem im Schaltplan (/+5V) angegebenen Netz überein.
    Local override; warning
    @(167.0000 mm, 71.0000 mm): Pad 1 [+5V] of C61 on F.Cu
[net_conflict]: Das Pad-Netz (GND) stimmt nicht mit dem im Schaltplan (/GND) angegebenen Netz überein.
    Local override; warning
    @(168.5500 mm, 71.0000 mm): Pad 2 [GND] of C61 on F.Cu
[footprint_symbol_field_mismatch]: Fehlendes Symbolfeld "Supplier" in Footprint
    Local override; warning
    @(156.7250 mm, 61.0000 mm): Footprint C62
[net_conflict]: Das Pad-Netz (+5V) stimmt nicht mit dem im Schaltplan (/+5V) angegebenen Netz überein.
    Local override; warning
    @(155.9500 mm, 61.0000 mm): Pad 1 [+5V] of C62 on F.Cu
[net_conflict]: Das Pad-Netz (GND) stimmt nicht mit dem im Schaltplan (/GND) angegebenen Netz überein.
    Local override; warning
    @(157.5000 mm, 61.0000 mm): Pad 2 [GND] of C62 on F.Cu
[footprint_symbol_field_mismatch]: Fehlendes Symbolfeld "Supplier" in Footprint
    Local override; warning
    @(167.5000 mm, 61.0000 mm): Footprint C63
[net_conflict]: Das Pad-Netz (+5V) stimmt nicht mit dem im Schaltplan (/+5V) angegebenen Netz überein.
    Local override; warning
    @(166.7250 mm, 61.0000 mm): Pad 1 [+5V] of C63 on F.Cu
[net_conflict]: Das Pad-Netz (GND) stimmt nicht mit dem im Schaltplan (/GND) angegebenen Netz überein.
    Local override; warning
    @(168.2750 mm, 61.0000 mm): Pad 2 [GND] of C63 on F.Cu
[footprint_symbol_field_mismatch]: Fehlendes Symbolfeld "Supplier" in Footprint
    Local override; warning
    @(121.2500 mm, 41.6250 mm): Footprint C64
[net_conflict]: Das Pad-Netz (+5V) stimmt nicht mit dem im Schaltplan (/+5V) angegebenen Netz überein.
    Local override; warning
    @(120.4750 mm, 41.6250 mm): Pad 1 [+5V] of C64 on F.Cu
[net_conflict]: Das Pad-Netz (GND) stimmt nicht mit dem im Schaltplan (/GND) angegebenen Netz überein.
    Local override; warning
    @(122.0250 mm, 41.6250 mm): Pad 2 [GND] of C64 on F.Cu
[footprint_symbol_field_mismatch]: Fehlendes Symbolfeld "Supplier" in Footprint
    Local override; warning
    @(121.2500 mm, 46.4250 mm): Footprint C65
[net_conflict]: Das Pad-Netz (+5V) stimmt nicht mit dem im Schaltplan (/+5V) angegebenen Netz überein.
    Local override; warning
    @(120.4750 mm, 46.4250 mm): Pad 1 [+5V] of C65 on F.Cu
[net_conflict]: Das Pad-Netz (GND) stimmt nicht mit dem im Schaltplan (/GND) angegebenen Netz überein.
    Local override; warning
    @(122.0250 mm, 46.4250 mm): Pad 2 [GND] of C65 on F.Cu
[footprint_symbol_field_mismatch]: Fehlendes Symbolfeld "Supplier" in Footprint
    Local override; warning
    @(121.2500 mm, 51.2250 mm): Footprint C66
[net_conflict]: Das Pad-Netz (+5V) stimmt nicht mit dem im Schaltplan (/+5V) angegebenen Netz überein.
    Local override; warning
    @(120.4750 mm, 51.2250 mm): Pad 1 [+5V] of C66 on F.Cu
[net_conflict]: Das Pad-Netz (GND) stimmt nicht mit dem im Schaltplan (/GND) angegebenen Netz überein.
    Local override; warning
    @(122.0250 mm, 51.2250 mm): Pad 2 [GND] of C66 on F.Cu
[footprint_symbol_field_mismatch]: Fehlendes Symbolfeld "Supplier" in Footprint
    Local override; warning
    @(121.2500 mm, 56.0250 mm): Footprint C67
[net_conflict]: Das Pad-Netz (+5V) stimmt nicht mit dem im Schaltplan (/+5V) angegebenen Netz überein.
    Local override; warning
    @(120.4750 mm, 56.0250 mm): Pad 1 [+5V] of C67 on F.Cu
[net_conflict]: Das Pad-Netz (GND) stimmt nicht mit dem im Schaltplan (/GND) angegebenen Netz überein.
    Local override; warning
    @(122.0250 mm, 56.0250 mm): Pad 2 [GND] of C67 on F.Cu
[footprint_symbol_field_mismatch]: Fehlendes Symbolfeld "Supplier" in Footprint
    Local override; warning
    @(121.2500 mm, 60.8250 mm): Footprint C68
[net_conflict]: Das Pad-Netz (+5V) stimmt nicht mit dem im Schaltplan (/+5V) angegebenen Netz überein.
    Local override; warning
    @(120.4750 mm, 60.8250 mm): Pad 1 [+5V] of C68 on F.Cu
[net_conflict]: Das Pad-Netz (GND) stimmt nicht mit dem im Schaltplan (/GND) angegebenen Netz überein.
    Local override; warning
    @(122.0250 mm, 60.8250 mm): Pad 2 [GND] of C68 on F.Cu
[footprint_symbol_field_mismatch]: Fehlendes Symbolfeld "Supplier" in Footprint
    Local override; warning
    @(121.2500 mm, 65.6250 mm): Footprint C69
[net_conflict]: Das Pad-Netz (+5V) stimmt nicht mit dem im Schaltplan (/+5V) angegebenen Netz überein.
    Local override; warning
    @(120.4750 mm, 65.6250 mm): Pad 1 [+5V] of C69 on F.Cu
[net_conflict]: Das Pad-Netz (GND) stimmt nicht mit dem im Schaltplan (/GND) angegebenen Netz überein.
    Local override; warning
    @(122.0250 mm, 65.6250 mm): Pad 2 [GND] of C69 on F.Cu
[footprint_symbol_field_mismatch]: Fehlendes Symbolfeld "Supplier" in Footprint
    Local override; warning
    @(121.2500 mm, 70.4250 mm): Footprint C70
[net_conflict]: Das Pad-Netz (+5V) stimmt nicht mit dem im Schaltplan (/+5V) angegebenen Netz überein.
    Local override; warning
    @(120.4750 mm, 70.4250 mm): Pad 1 [+5V] of C70 on F.Cu
[net_conflict]: Das Pad-Netz (GND) stimmt nicht mit dem im Schaltplan (/GND) angegebenen Netz überein.
    Local override; warning
    @(122.0250 mm, 70.4250 mm): Pad 2 [GND] of C70 on F.Cu
[footprint_symbol_field_mismatch]: Fehlendes Symbolfeld "Supplier" in Footprint
    Local override; warning
    @(121.2500 mm, 75.2250 mm): Footprint C71
[net_conflict]: Das Pad-Netz (+5V) stimmt nicht mit dem im Schaltplan (/+5V) angegebenen Netz überein.
    Local override; warning
    @(120.4750 mm, 75.2250 mm): Pad 1 [+5V] of C71 on F.Cu
[net_conflict]: Das Pad-Netz (GND) stimmt nicht mit dem im Schaltplan (/GND) angegebenen Netz überein.
    Local override; warning
    @(122.0250 mm, 75.2250 mm): Pad 2 [GND] of C71 on F.Cu
[footprint_symbol_field_mismatch]: Fehlendes Symbolfeld "Supplier" in Footprint
    Local override; warning
    @(121.2500 mm, 80.0250 mm): Footprint C72
[net_conflict]: Das Pad-Netz (+5V) stimmt nicht mit dem im Schaltplan (/+5V) angegebenen Netz überein.
    Local override; warning
    @(120.4750 mm, 80.0250 mm): Pad 1 [+5V] of C72 on F.Cu
[net_conflict]: Das Pad-Netz (GND) stimmt nicht mit dem im Schaltplan (/GND) angegebenen Netz überein.
    Local override; warning
    @(122.0250 mm, 80.0250 mm): Pad 2 [GND] of C72 on F.Cu
[footprint_symbol_field_mismatch]: Fehlendes Symbolfeld "Supplier" in Footprint
    Local override; warning
    @(121.2500 mm, 84.8250 mm): Footprint C73
[net_conflict]: Das Pad-Netz (+5V) stimmt nicht mit dem im Schaltplan (/+5V) angegebenen Netz überein.
    Local override; warning
    @(120.4750 mm, 84.8250 mm): Pad 1 [+5V] of C73 on F.Cu
[net_conflict]: Das Pad-Netz (GND) stimmt nicht mit dem im Schaltplan (/GND) angegebenen Netz überein.
    Local override; warning
    @(122.0250 mm, 84.8250 mm): Pad 2 [GND] of C73 on F.Cu
[footprint_symbol_field_mismatch]: Fehlendes Symbolfeld "Supplier" in Footprint
    Local override; warning
    @(121.2500 mm, 89.6250 mm): Footprint C74
[net_conflict]: Das Pad-Netz (+5V) stimmt nicht mit dem im Schaltplan (/+5V) angegebenen Netz überein.
    Local override; warning
    @(120.4750 mm, 89.6250 mm): Pad 1 [+5V] of C74 on F.Cu
[net_conflict]: Das Pad-Netz (GND) stimmt nicht mit dem im Schaltplan (/GND) angegebenen Netz überein.
    Local override; warning
    @(122.0250 mm, 89.6250 mm): Pad 2 [GND] of C74 on F.Cu
[footprint_symbol_field_mismatch]: Fehlendes Symbolfeld "Supplier" in Footprint
    Local override; warning
    @(121.2500 mm, 94.4250 mm): Footprint C75
[net_conflict]: Das Pad-Netz (+5V) stimmt nicht mit dem im Schaltplan (/+5V) angegebenen Netz überein.
    Local override; warning
    @(120.4750 mm, 94.4250 mm): Pad 1 [+5V] of C75 on F.Cu
[net_conflict]: Das Pad-Netz (GND) stimmt nicht mit dem im Schaltplan (/GND) angegebenen Netz überein.
    Local override; warning
    @(122.0250 mm, 94.4250 mm): Pad 2 [GND] of C75 on F.Cu
[footprint_symbol_field_mismatch]: Fehlendes Symbolfeld "Supplier" in Footprint
    Local override; warning
    @(121.2500 mm, 99.2250 mm): Footprint C76
[net_conflict]: Das Pad-Netz (+5V) stimmt nicht mit dem im Schaltplan (/+5V) angegebenen Netz überein.
    Local override; warning
    @(120.4750 mm, 99.2250 mm): Pad 1 [+5V] of C76 on F.Cu
[net_conflict]: Das Pad-Netz (GND) stimmt nicht mit dem im Schaltplan (/GND) angegebenen Netz überein.
    Local override; warning
    @(122.0250 mm, 99.2250 mm): Pad 2 [GND] of C76 on F.Cu
[footprint_symbol_field_mismatch]: Fehlendes Symbolfeld "Supplier" in Footprint
    Local override; warning
    @(121.2500 mm, 104.0250 mm): Footprint C77
[net_conflict]: Das Pad-Netz (+5V) stimmt nicht mit dem im Schaltplan (/+5V) angegebenen Netz überein.
    Local override; warning
    @(120.4750 mm, 104.0250 mm): Pad 1 [+5V] of C77 on F.Cu
[net_conflict]: Das Pad-Netz (GND) stimmt nicht mit dem im Schaltplan (/GND) angegebenen Netz überein.
    Local override; warning
    @(122.0250 mm, 104.0250 mm): Pad 2 [GND] of C77 on F.Cu
[footprint_symbol_field_mismatch]: Fehlendes Symbolfeld "Supplier" in Footprint
    Local override; warning
    @(121.2500 mm, 108.8250 mm): Footprint C78
[net_conflict]: Das Pad-Netz (+5V) stimmt nicht mit dem im Schaltplan (/+5V) angegebenen Netz überein.
    Local override; warning
    @(120.4750 mm, 108.8250 mm): Pad 1 [+5V] of C78 on F.Cu
[net_conflict]: Das Pad-Netz (GND) stimmt nicht mit dem im Schaltplan (/GND) angegebenen Netz überein.
    Local override; warning
    @(122.0250 mm, 108.8250 mm): Pad 2 [GND] of C78 on F.Cu
[footprint_symbol_field_mismatch]: Fehlendes Symbolfeld "Supplier" in Footprint
    Local override; warning
    @(121.2500 mm, 113.6250 mm): Footprint C79
[net_conflict]: Das Pad-Netz (+5V) stimmt nicht mit dem im Schaltplan (/+5V) angegebenen Netz überein.
    Local override; warning
    @(120.4750 mm, 113.6250 mm): Pad 1 [+5V] of C79 on F.Cu
[net_conflict]: Das Pad-Netz (GND) stimmt nicht mit dem im Schaltplan (/GND) angegebenen Netz überein.
    Local override; warning
    @(122.0250 mm, 113.6250 mm): Pad 2 [GND] of C79 on F.Cu
[footprint_symbol_field_mismatch]: Fehlendes Symbolfeld "Supplier" in Footprint
    Local override; warning
    @(121.2500 mm, 118.4250 mm): Footprint C80
[net_conflict]: Das Pad-Netz (+5V) stimmt nicht mit dem im Schaltplan (/+5V) angegebenen Netz überein.
    Local override; warning
    @(120.4750 mm, 118.4250 mm): Pad 1 [+5V] of C80 on F.Cu
[net_conflict]: Das Pad-Netz (GND) stimmt nicht mit dem im Schaltplan (/GND) angegebenen Netz überein.
    Local override; warning
    @(122.0250 mm, 118.4250 mm): Pad 2 [GND] of C80 on F.Cu
[footprint_symbol_field_mismatch]: Fehlendes Symbolfeld "Supplier" in Footprint
    Local override; warning
    @(121.2500 mm, 123.2250 mm): Footprint C81
[net_conflict]: Das Pad-Netz (+5V) stimmt nicht mit dem im Schaltplan (/+5V) angegebenen Netz überein.
    Local override; warning
    @(120.4750 mm, 123.2250 mm): Pad 1 [+5V] of C81 on F.Cu
[net_conflict]: Das Pad-Netz (GND) stimmt nicht mit dem im Schaltplan (/GND) angegebenen Netz überein.
    Local override; warning
    @(122.0250 mm, 123.2250 mm): Pad 2 [GND] of C81 on F.Cu
[footprint_symbol_field_mismatch]: Fehlendes Symbolfeld "Supplier" in Footprint
    Local override; warning
    @(121.2500 mm, 128.0250 mm): Footprint C82
[net_conflict]: Das Pad-Netz (+5V) stimmt nicht mit dem im Schaltplan (/+5V) angegebenen Netz überein.
    Local override; warning
    @(120.4750 mm, 128.0250 mm): Pad 1 [+5V] of C82 on F.Cu
[net_conflict]: Das Pad-Netz (GND) stimmt nicht mit dem im Schaltplan (/GND) angegebenen Netz überein.
    Local override; warning
    @(122.0250 mm, 128.0250 mm): Pad 2 [GND] of C82 on F.Cu
[footprint_symbol_field_mismatch]: Fehlendes Symbolfeld "Supplier" in Footprint
    Local override; warning
    @(121.2500 mm, 132.8250 mm): Footprint C83
[net_conflict]: Das Pad-Netz (+5V) stimmt nicht mit dem im Schaltplan (/+5V) angegebenen Netz überein.
    Local override; warning
    @(120.4750 mm, 132.8250 mm): Pad 1 [+5V] of C83 on F.Cu
[net_conflict]: Das Pad-Netz (GND) stimmt nicht mit dem im Schaltplan (/GND) angegebenen Netz überein.
    Local override; warning
    @(122.0250 mm, 132.8250 mm): Pad 2 [GND] of C83 on F.Cu
[footprint_symbol_field_mismatch]: Fehlendes Symbolfeld "Supplier" in Footprint
    Local override; warning
    @(102.0000 mm, 78.4500 mm): Footprint D1
[net_conflict]: Das Pad-Netz (+5V) stimmt nicht mit dem im Schaltplan (/+5V) angegebenen Netz überein.
    Local override; warning
    @(100.2000 mm, 78.4500 mm): Pad 1 [+5V] of D1 on F.Cu
[net_conflict]: Das Pad-Netz (PUMP_COIL_L) stimmt nicht mit dem im Schaltplan (/PUMP_COIL_L) angegebenen Netz überein.
    Local override; warning
    @(103.8000 mm, 78.4500 mm): Pad 2 [PUMP_COIL_L] of D1 on F.Cu
[footprint_symbol_field_mismatch]: Fehlendes Symbolfeld "Supplier" in Footprint
    Local override; warning
    @(102.0000 mm, 98.5000 mm): Footprint D2
[net_conflict]: Das Pad-Netz (+5V) stimmt nicht mit dem im Schaltplan (/+5V) angegebenen Netz überein.
    Local override; warning
    @(100.2000 mm, 98.5000 mm): Pad 1 [+5V] of D2 on F.Cu
[net_conflict]: Das Pad-Netz (MIX_ENABLE_COIL_L) stimmt nicht mit dem im Schaltplan (/MIX_ENABLE_COIL_L) angegebenen Netz überein.
    Local override; warning
    @(103.8000 mm, 98.5000 mm): Pad 2 [MIX_ENABLE_COIL_L] of D2 on F.Cu
[footprint_symbol_field_mismatch]: Fehlendes Symbolfeld "Supplier" in Footprint
    Local override; warning
    @(102.0500 mm, 118.0000 mm): Footprint D3
[net_conflict]: Das Pad-Netz (+5V) stimmt nicht mit dem im Schaltplan (/+5V) angegebenen Netz überein.
    Local override; warning
    @(100.2500 mm, 118.0000 mm): Pad 1 [+5V] of D3 on F.Cu
[net_conflict]: Das Pad-Netz (MIX_DIR_COIL_L) stimmt nicht mit dem im Schaltplan (/MIX_DIR_COIL_L) angegebenen Netz überein.
    Local override; warning
    @(103.8500 mm, 118.0000 mm): Pad 2 [MIX_DIR_COIL_L] of D3 on F.Cu
[footprint_symbol_field_mismatch]: Fehlendes Symbolfeld "Supplier" in Footprint
    Local override; warning
    @(137.5000 mm, 125.0000 mm): Footprint D4
[net_conflict]: Das Pad-Netz (+5V) stimmt nicht mit dem im Schaltplan (/+5V) angegebenen Netz überein.
    Local override; warning
    @(135.7000 mm, 125.0000 mm): Pad 1 [+5V] of D4 on F.Cu
[net_conflict]: Das Pad-Netz (USB_VBUS) stimmt nicht mit dem im Schaltplan (/USB_VBUS) angegebenen Netz überein.
    Local override; warning
    @(139.3000 mm, 125.0000 mm): Pad 2 [USB_VBUS] of D4 on F.Cu
[footprint_symbol_field_mismatch]: Fehlendes Symbolfeld "Supplier" in Footprint
    Local override; warning
    @(105.9500 mm, 89.4500 mm): Footprint D10
[net_conflict]: Das Pad-Netz (LED_PUMP_A) stimmt nicht mit dem im Schaltplan (/LED_PUMP_A) angegebenen Netz überein.
    Local override; warning
    @(105.1500 mm, 89.4500 mm): Pad 1 [LED_PUMP_A] of D10 on F.Cu
[net_conflict]: Das Pad-Netz (PUMP_COIL_L) stimmt nicht mit dem im Schaltplan (/PUMP_COIL_L) angegebenen Netz überein.
    Local override; warning
    @(106.7500 mm, 89.4500 mm): Pad 2 [PUMP_COIL_L] of D10 on F.Cu
[footprint_symbol_field_mismatch]: Fehlendes Symbolfeld "Supplier" in Footprint
    Local override; warning
    @(106.7000 mm, 111.0000 mm): Footprint D11
[net_conflict]: Das Pad-Netz (LED_OPEN_A) stimmt nicht mit dem im Schaltplan (/LED_OPEN_A) angegebenen Netz überein.
    Local override; warning
    @(105.9000 mm, 111.0000 mm): Pad 1 [LED_OPEN_A] of D11 on F.Cu
[net_conflict]: Das Pad-Netz (MIX_ENABLE_COIL_L) stimmt nicht mit dem im Schaltplan (/MIX_ENABLE_COIL_L) angegebenen Netz überein.
    Local override; warning
    @(107.5000 mm, 111.0000 mm): Pad 2 [MIX_ENABLE_COIL_L] of D11 on F.Cu
[footprint_symbol_field_mismatch]: Fehlendes Symbolfeld "Supplier" in Footprint
    Local override; warning
    @(107.0500 mm, 133.0000 mm): Footprint D12
[net_conflict]: Das Pad-Netz (LED_CLOSE_A) stimmt nicht mit dem im Schaltplan (/LED_CLOSE_A) angegebenen Netz überein.
    Local override; warning
    @(106.2500 mm, 133.0000 mm): Pad 1 [LED_CLOSE_A] of D12 on F.Cu
[net_conflict]: Das Pad-Netz (MIX_DIR_COIL_L) stimmt nicht mit dem im Schaltplan (/MIX_DIR_COIL_L) angegebenen Netz überein.
    Local override; warning
    @(107.8500 mm, 133.0000 mm): Pad 2 [MIX_DIR_COIL_L] of D12 on F.Cu
[footprint_symbol_field_mismatch]: Fehlendes Symbolfeld "Supplier" in Footprint
    Local override; warning
    @(181.8000 mm, 72.5000 mm): Footprint D20
[net_conflict]: Das Pad-Netz (LED_5V_A) stimmt nicht mit dem im Schaltplan (/LED_5V_A) angegebenen Netz überein.
    Local override; warning
    @(181.0000 mm, 72.5000 mm): Pad 1 [LED_5V_A] of D20 on F.Cu
[net_conflict]: Das Pad-Netz (GND) stimmt nicht mit dem im Schaltplan (/GND) angegebenen Netz überein.
    Local override; warning
    @(182.6000 mm, 72.5000 mm): Pad 2 [GND] of D20 on F.Cu
[footprint_symbol_field_mismatch]: Fehlendes Symbolfeld "Supplier" in Footprint
    Local override; warning
    @(181.8000 mm, 79.5000 mm): Footprint D21
[net_conflict]: Das Pad-Netz (LED_3V3_A) stimmt nicht mit dem im Schaltplan (/LED_3V3_A) angegebenen Netz überein.
    Local override; warning
    @(181.0000 mm, 79.5000 mm): Pad 1 [LED_3V3_A] of D21 on F.Cu
[net_conflict]: Das Pad-Netz (GND) stimmt nicht mit dem im Schaltplan (/GND) angegebenen Netz überein.
    Local override; warning
    @(182.6000 mm, 79.5000 mm): Pad 2 [GND] of D21 on F.Cu
[footprint_symbol_field_mismatch]: Fehlendes Symbolfeld "Supplier" in Footprint
    Local override; warning
    @(164.7000 mm, 99.0000 mm): Footprint D30
[net_conflict]: Das Pad-Netz (LED_TX_A) stimmt nicht mit dem im Schaltplan (/LED_TX_A) angegebenen Netz überein.
    Local override; warning
    @(163.9000 mm, 99.0000 mm): Pad 1 [LED_TX_A] of D30 on F.Cu
[net_conflict]: Das Pad-Netz (UART_TX) stimmt nicht mit dem im Schaltplan (/UART_TX) angegebenen Netz überein.
    Local override; warning
    @(165.5000 mm, 99.0000 mm): Pad 2 [UART_TX] of D30 on F.Cu
[footprint_symbol_field_mismatch]: Fehlendes Symbolfeld "Supplier" in Footprint
    Local override; warning
    @(164.7000 mm, 103.5000 mm): Footprint D31
[net_conflict]: Das Pad-Netz (LED_RX_A) stimmt nicht mit dem im Schaltplan (/LED_RX_A) angegebenen Netz überein.
    Local override; warning
    @(163.9000 mm, 103.5000 mm): Pad 1 [LED_RX_A] of D31 on F.Cu
[net_conflict]: Das Pad-Netz (UART_RX) stimmt nicht mit dem im Schaltplan (/UART_RX) angegebenen Netz überein.
    Local override; warning
    @(165.5000 mm, 103.5000 mm): Pad 2 [UART_RX] of D31 on F.Cu
[footprint_symbol_field_mismatch]: Fehlendes Symbolfeld "Supplier" in Footprint
    Local override; warning
    @(62.5000 mm, 42.5000 mm): Footprint D40
[net_conflict]: Das Pad-Netz (LED230_A) stimmt nicht mit dem im Schaltplan (/LED230_A) angegebenen Netz überein.
    Local override; warning
    @(62.5000 mm, 43.4000 mm): Pad 1 [LED230_A] of D40 on F.Cu
[net_conflict]: Das Pad-Netz (N) stimmt nicht mit dem im Schaltplan (/N) angegebenen Netz überein.
    Local override; warning
    @(62.5000 mm, 41.6000 mm): Pad 2 [N] of D40 on F.Cu
[footprint_symbol_field_mismatch]: Fehlendes Symbolfeld "Supplier" in Footprint
    Local override; warning
    @(57.0000 mm, 42.5000 mm): Footprint D41
[net_conflict]: Das Pad-Netz (N) stimmt nicht mit dem im Schaltplan (/N) angegebenen Netz überein.
    Local override; warning
    @(57.0000 mm, 40.7000 mm): Pad 1 [N] of D41 on F.Cu
[net_conflict]: Das Pad-Netz (LED230_A) stimmt nicht mit dem im Schaltplan (/LED230_A) angegebenen Netz überein.
    Local override; warning
    @(57.0000 mm, 44.3000 mm): Pad 2 [LED230_A] of D41 on F.Cu
[footprint_symbol_mismatch]: Footprintattribute stimmen nicht mit denen des Symbols überein: "Nicht bestücken" Einstellungen weichen ab.
    Local override; warning
    @(167.7000 mm, 118.5000 mm): Footprint D50
[footprint_symbol_field_mismatch]: Fehlendes Symbolfeld "Supplier" in Footprint
    Local override; warning
    @(167.7000 mm, 118.5000 mm): Footprint D50
[net_conflict]: Das Pad-Netz (RS485_A) stimmt nicht mit dem im Schaltplan (/RS485_A) angegebenen Netz überein.
    Local override; warning
    @(165.9000 mm, 118.5000 mm): Pad 1 [RS485_A] of D50 on F.Cu
[net_conflict]: Das Pad-Netz (RS485_GND) stimmt nicht mit dem im Schaltplan (/RS485_GND) angegebenen Netz überein.
    Local override; warning
    @(169.5000 mm, 118.5000 mm): Pad 2 [RS485_GND] of D50 on F.Cu
[footprint_symbol_mismatch]: Footprintattribute stimmen nicht mit denen des Symbols überein: "Nicht bestücken" Einstellungen weichen ab.
    Local override; warning
    @(167.7000 mm, 125.0000 mm): Footprint D51
[footprint_symbol_field_mismatch]: Fehlendes Symbolfeld "Supplier" in Footprint
    Local override; warning
    @(167.7000 mm, 125.0000 mm): Footprint D51
[net_conflict]: Das Pad-Netz (RS485_B) stimmt nicht mit dem im Schaltplan (/RS485_B) angegebenen Netz überein.
    Local override; warning
    @(165.9000 mm, 125.0000 mm): Pad 1 [RS485_B] of D51 on F.Cu
[net_conflict]: Das Pad-Netz (RS485_GND) stimmt nicht mit dem im Schaltplan (/RS485_GND) angegebenen Netz überein.
    Local override; warning
    @(169.5000 mm, 125.0000 mm): Pad 2 [RS485_GND] of D51 on F.Cu
[footprint_symbol_mismatch]: Footprintattribute stimmen nicht mit denen des Symbols überein: "Nicht bestücken" Einstellungen weichen ab.
    Local override; warning
    @(167.7000 mm, 112.5000 mm): Footprint D52
[footprint_symbol_field_mismatch]: Fehlendes Symbolfeld "Supplier" in Footprint
    Local override; warning
    @(167.7000 mm, 112.5000 mm): Footprint D52
[net_conflict]: Das Pad-Netz (RS485_A) stimmt nicht mit dem im Schaltplan (/RS485_A) angegebenen Netz überein.
    Local override; warning
    @(165.9000 mm, 112.5000 mm): Pad 1 [RS485_A] of D52 on F.Cu
[net_conflict]: Das Pad-Netz (RS485_B) stimmt nicht mit dem im Schaltplan (/RS485_B) angegebenen Netz überein.
    Local override; warning
    @(169.5000 mm, 112.5000 mm): Pad 2 [RS485_B] of D52 on F.Cu
[footprint_symbol_field_mismatch]: Fehlendes Symbolfeld "Supplier" in Footprint
    Local override; warning
    @(152.0000 mm, 62.0000 mm): Footprint D60
[net_conflict]: Das Pad-Netz (RGB_DOUT_1) stimmt nicht mit dem im Schaltplan (/RGB_DOUT_1) angegebenen Netz überein.
    Local override; warning
    @(150.2500 mm, 61.1250 mm): Pad 1 [RGB_DOUT_1] of D60 on F.Cu
[net_conflict]: Das Pad-Netz (GND) stimmt nicht mit dem im Schaltplan (/GND) angegebenen Netz überein.
    Local override; warning
    @(150.2500 mm, 62.8750 mm): Pad 2 [GND] of D60 on F.Cu
[net_conflict]: Das Pad-Netz (RGB_DIN_1) stimmt nicht mit dem im Schaltplan (/RGB_DIN_1) angegebenen Netz überein.
    Local override; warning
    @(153.7500 mm, 62.8750 mm): Pad 3 [RGB_DIN_1] of D60 on F.Cu
[net_conflict]: Das Pad-Netz (+5V) stimmt nicht mit dem im Schaltplan (/+5V) angegebenen Netz überein.
    Local override; warning
    @(153.7500 mm, 61.1250 mm): Pad 4 [+5V] of D60 on F.Cu
[footprint_symbol_field_mismatch]: Fehlendes Symbolfeld "Supplier" in Footprint
    Local override; warning
    @(162.0000 mm, 62.0000 mm): Footprint D61
[net_conflict]: Das Pad-Netz (RGB_DOUT_2) stimmt nicht mit dem im Schaltplan (/RGB_DOUT_2) angegebenen Netz überein.
    Local override; warning
    @(160.2500 mm, 61.1250 mm): Pad 1 [RGB_DOUT_2] of D61 on F.Cu
[net_conflict]: Das Pad-Netz (GND) stimmt nicht mit dem im Schaltplan (/GND) angegebenen Netz überein.
    Local override; warning
    @(160.2500 mm, 62.8750 mm): Pad 2 [GND] of D61 on F.Cu
[net_conflict]: Das Pad-Netz (RGB_DOUT_1) stimmt nicht mit dem im Schaltplan (/RGB_DOUT_1) angegebenen Netz überein.
    Local override; warning
    @(163.7500 mm, 62.8750 mm): Pad 3 [RGB_DOUT_1] of D61 on F.Cu
[net_conflict]: Das Pad-Netz (+5V) stimmt nicht mit dem im Schaltplan (/+5V) angegebenen Netz überein.
    Local override; warning
    @(163.7500 mm, 61.1250 mm): Pad 4 [+5V] of D61 on F.Cu
[footprint_symbol_field_mismatch]: Fehlendes Symbolfeld "Supplier" in Footprint
    Local override; warning
    @(152.0000 mm, 72.0000 mm): Footprint D62
[net_conflict]: Das Pad-Netz (RGB_DOUT_3) stimmt nicht mit dem im Schaltplan (/RGB_DOUT_3) angegebenen Netz überein.
    Local override; warning
    @(150.2500 mm, 71.1250 mm): Pad 1 [RGB_DOUT_3] of D62 on F.Cu
[net_conflict]: Das Pad-Netz (GND) stimmt nicht mit dem im Schaltplan (/GND) angegebenen Netz überein.
    Local override; warning
    @(150.2500 mm, 72.8750 mm): Pad 2 [GND] of D62 on F.Cu
[net_conflict]: Das Pad-Netz (RGB_DOUT_2) stimmt nicht mit dem im Schaltplan (/RGB_DOUT_2) angegebenen Netz überein.
    Local override; warning
    @(153.7500 mm, 72.8750 mm): Pad 3 [RGB_DOUT_2] of D62 on F.Cu
[net_conflict]: Das Pad-Netz (+5V) stimmt nicht mit dem im Schaltplan (/+5V) angegebenen Netz überein.
    Local override; warning
    @(153.7500 mm, 71.1250 mm): Pad 4 [+5V] of D62 on F.Cu
[footprint_symbol_field_mismatch]: Fehlendes Symbolfeld "Supplier" in Footprint
    Local override; warning
    @(162.0000 mm, 72.0000 mm): Footprint D63
[net_conflict]: Das Pad-Netz (RGB_DOUT_4) stimmt nicht mit dem im Schaltplan (/RGB_DOUT_4) angegebenen Netz überein.
    Local override; warning
    @(160.2500 mm, 71.1250 mm): Pad 1 [RGB_DOUT_4] of D63 on F.Cu
[net_conflict]: Das Pad-Netz (GND) stimmt nicht mit dem im Schaltplan (/GND) angegebenen Netz überein.
    Local override; warning
    @(160.2500 mm, 72.8750 mm): Pad 2 [GND] of D63 on F.Cu
[net_conflict]: Das Pad-Netz (RGB_DOUT_3) stimmt nicht mit dem im Schaltplan (/RGB_DOUT_3) angegebenen Netz überein.
    Local override; warning
    @(163.7500 mm, 72.8750 mm): Pad 3 [RGB_DOUT_3] of D63 on F.Cu
[net_conflict]: Das Pad-Netz (+5V) stimmt nicht mit dem im Schaltplan (/+5V) angegebenen Netz überein.
    Local override; warning
    @(163.7500 mm, 71.1250 mm): Pad 4 [+5V] of D63 on F.Cu
[footprint_symbol_field_mismatch]: Fehlendes Symbolfeld "Supplier" in Footprint
    Local override; warning
    @(114.2500 mm, 41.6250 mm): Footprint D64
[net_conflict]: Das Pad-Netz (RGB_DOUT_5) stimmt nicht mit dem im Schaltplan (/RGB_DOUT_5) angegebenen Netz überein.
    Local override; warning
    @(112.5000 mm, 40.7500 mm): Pad 1 [RGB_DOUT_5] of D64 on F.Cu
[net_conflict]: Das Pad-Netz (GND) stimmt nicht mit dem im Schaltplan (/GND) angegebenen Netz überein.
    Local override; warning
    @(112.5000 mm, 42.5000 mm): Pad 2 [GND] of D64 on F.Cu
[net_conflict]: Das Pad-Netz (RGB_DOUT_4) stimmt nicht mit dem im Schaltplan (/RGB_DOUT_4) angegebenen Netz überein.
    Local override; warning
    @(116.0000 mm, 42.5000 mm): Pad 3 [RGB_DOUT_4] of D64 on F.Cu
[net_conflict]: Das Pad-Netz (+5V) stimmt nicht mit dem im Schaltplan (/+5V) angegebenen Netz überein.
    Local override; warning
    @(116.0000 mm, 40.7500 mm): Pad 4 [+5V] of D64 on F.Cu
[footprint_symbol_field_mismatch]: Fehlendes Symbolfeld "Supplier" in Footprint
    Local override; warning
    @(114.2500 mm, 46.4250 mm): Footprint D65
[net_conflict]: Das Pad-Netz (RGB_DOUT_6) stimmt nicht mit dem im Schaltplan (/RGB_DOUT_6) angegebenen Netz überein.
    Local override; warning
    @(112.5000 mm, 45.5500 mm): Pad 1 [RGB_DOUT_6] of D65 on F.Cu
[net_conflict]: Das Pad-Netz (GND) stimmt nicht mit dem im Schaltplan (/GND) angegebenen Netz überein.
    Local override; warning
    @(112.5000 mm, 47.3000 mm): Pad 2 [GND] of D65 on F.Cu
[net_conflict]: Das Pad-Netz (RGB_DOUT_5) stimmt nicht mit dem im Schaltplan (/RGB_DOUT_5) angegebenen Netz überein.
    Local override; warning
    @(116.0000 mm, 47.3000 mm): Pad 3 [RGB_DOUT_5] of D65 on F.Cu
[net_conflict]: Das Pad-Netz (+5V) stimmt nicht mit dem im Schaltplan (/+5V) angegebenen Netz überein.
    Local override; warning
    @(116.0000 mm, 45.5500 mm): Pad 4 [+5V] of D65 on F.Cu
[footprint_symbol_field_mismatch]: Fehlendes Symbolfeld "Supplier" in Footprint
    Local override; warning
    @(114.2500 mm, 51.2250 mm): Footprint D66
[net_conflict]: Das Pad-Netz (RGB_DOUT_7) stimmt nicht mit dem im Schaltplan (/RGB_DOUT_7) angegebenen Netz überein.
    Local override; warning
    @(112.5000 mm, 50.3500 mm): Pad 1 [RGB_DOUT_7] of D66 on F.Cu
[net_conflict]: Das Pad-Netz (GND) stimmt nicht mit dem im Schaltplan (/GND) angegebenen Netz überein.
    Local override; warning
    @(112.5000 mm, 52.1000 mm): Pad 2 [GND] of D66 on F.Cu
[net_conflict]: Das Pad-Netz (RGB_DOUT_6) stimmt nicht mit dem im Schaltplan (/RGB_DOUT_6) angegebenen Netz überein.
    Local override; warning
    @(116.0000 mm, 52.1000 mm): Pad 3 [RGB_DOUT_6] of D66 on F.Cu
[net_conflict]: Das Pad-Netz (+5V) stimmt nicht mit dem im Schaltplan (/+5V) angegebenen Netz überein.
    Local override; warning
    @(116.0000 mm, 50.3500 mm): Pad 4 [+5V] of D66 on F.Cu
[footprint_symbol_field_mismatch]: Fehlendes Symbolfeld "Supplier" in Footprint
    Local override; warning
    @(114.2500 mm, 56.0250 mm): Footprint D67
[net_conflict]: Das Pad-Netz (RGB_DOUT_8) stimmt nicht mit dem im Schaltplan (/RGB_DOUT_8) angegebenen Netz überein.
    Local override; warning
    @(112.5000 mm, 55.1500 mm): Pad 1 [RGB_DOUT_8] of D67 on F.Cu
[net_conflict]: Das Pad-Netz (GND) stimmt nicht mit dem im Schaltplan (/GND) angegebenen Netz überein.
    Local override; warning
    @(112.5000 mm, 56.9000 mm): Pad 2 [GND] of D67 on F.Cu
[net_conflict]: Das Pad-Netz (RGB_DOUT_7) stimmt nicht mit dem im Schaltplan (/RGB_DOUT_7) angegebenen Netz überein.
    Local override; warning
    @(116.0000 mm, 56.9000 mm): Pad 3 [RGB_DOUT_7] of D67 on F.Cu
[net_conflict]: Das Pad-Netz (+5V) stimmt nicht mit dem im Schaltplan (/+5V) angegebenen Netz überein.
    Local override; warning
    @(116.0000 mm, 55.1500 mm): Pad 4 [+5V] of D67 on F.Cu
[footprint_symbol_field_mismatch]: Fehlendes Symbolfeld "Supplier" in Footprint
    Local override; warning
    @(114.2500 mm, 60.8250 mm): Footprint D68
[net_conflict]: Das Pad-Netz (RGB_DOUT_9) stimmt nicht mit dem im Schaltplan (/RGB_DOUT_9) angegebenen Netz überein.
    Local override; warning
    @(112.5000 mm, 59.9500 mm): Pad 1 [RGB_DOUT_9] of D68 on F.Cu
[net_conflict]: Das Pad-Netz (GND) stimmt nicht mit dem im Schaltplan (/GND) angegebenen Netz überein.
    Local override; warning
    @(112.5000 mm, 61.7000 mm): Pad 2 [GND] of D68 on F.Cu
[net_conflict]: Das Pad-Netz (RGB_DOUT_8) stimmt nicht mit dem im Schaltplan (/RGB_DOUT_8) angegebenen Netz überein.
    Local override; warning
    @(116.0000 mm, 61.7000 mm): Pad 3 [RGB_DOUT_8] of D68 on F.Cu
[net_conflict]: Das Pad-Netz (+5V) stimmt nicht mit dem im Schaltplan (/+5V) angegebenen Netz überein.
    Local override; warning
    @(116.0000 mm, 59.9500 mm): Pad 4 [+5V] of D68 on F.Cu
[footprint_symbol_field_mismatch]: Fehlendes Symbolfeld "Supplier" in Footprint
    Local override; warning
    @(114.2500 mm, 65.6250 mm): Footprint D69
[net_conflict]: Das Pad-Netz (RGB_DOUT_10) stimmt nicht mit dem im Schaltplan (/RGB_DOUT_10) angegebenen Netz überein.
    Local override; warning
    @(112.5000 mm, 64.7500 mm): Pad 1 [RGB_DOUT_10] of D69 on F.Cu
[net_conflict]: Das Pad-Netz (GND) stimmt nicht mit dem im Schaltplan (/GND) angegebenen Netz überein.
    Local override; warning
    @(112.5000 mm, 66.5000 mm): Pad 2 [GND] of D69 on F.Cu
[net_conflict]: Das Pad-Netz (RGB_DOUT_9) stimmt nicht mit dem im Schaltplan (/RGB_DOUT_9) angegebenen Netz überein.
    Local override; warning
    @(116.0000 mm, 66.5000 mm): Pad 3 [RGB_DOUT_9] of D69 on F.Cu
[net_conflict]: Das Pad-Netz (+5V) stimmt nicht mit dem im Schaltplan (/+5V) angegebenen Netz überein.
    Local override; warning
    @(116.0000 mm, 64.7500 mm): Pad 4 [+5V] of D69 on F.Cu
[footprint_symbol_field_mismatch]: Fehlendes Symbolfeld "Supplier" in Footprint
    Local override; warning
    @(114.2500 mm, 70.4250 mm): Footprint D70
[net_conflict]: Das Pad-Netz (RGB_DOUT_11) stimmt nicht mit dem im Schaltplan (/RGB_DOUT_11) angegebenen Netz überein.
    Local override; warning
    @(112.5000 mm, 69.5500 mm): Pad 1 [RGB_DOUT_11] of D70 on F.Cu
[net_conflict]: Das Pad-Netz (GND) stimmt nicht mit dem im Schaltplan (/GND) angegebenen Netz überein.
    Local override; warning
    @(112.5000 mm, 71.3000 mm): Pad 2 [GND] of D70 on F.Cu
[net_conflict]: Das Pad-Netz (RGB_DOUT_10) stimmt nicht mit dem im Schaltplan (/RGB_DOUT_10) angegebenen Netz überein.
    Local override; warning
    @(116.0000 mm, 71.3000 mm): Pad 3 [RGB_DOUT_10] of D70 on F.Cu
[net_conflict]: Das Pad-Netz (+5V) stimmt nicht mit dem im Schaltplan (/+5V) angegebenen Netz überein.
    Local override; warning
    @(116.0000 mm, 69.5500 mm): Pad 4 [+5V] of D70 on F.Cu
[footprint_symbol_field_mismatch]: Fehlendes Symbolfeld "Supplier" in Footprint
    Local override; warning
    @(114.2500 mm, 75.2250 mm): Footprint D71
[net_conflict]: Das Pad-Netz (RGB_DOUT_12) stimmt nicht mit dem im Schaltplan (/RGB_DOUT_12) angegebenen Netz überein.
    Local override; warning
    @(112.5000 mm, 74.3500 mm): Pad 1 [RGB_DOUT_12] of D71 on F.Cu
[net_conflict]: Das Pad-Netz (GND) stimmt nicht mit dem im Schaltplan (/GND) angegebenen Netz überein.
    Local override; warning
    @(112.5000 mm, 76.1000 mm): Pad 2 [GND] of D71 on F.Cu
[net_conflict]: Das Pad-Netz (RGB_DOUT_11) stimmt nicht mit dem im Schaltplan (/RGB_DOUT_11) angegebenen Netz überein.
    Local override; warning
    @(116.0000 mm, 76.1000 mm): Pad 3 [RGB_DOUT_11] of D71 on F.Cu
[net_conflict]: Das Pad-Netz (+5V) stimmt nicht mit dem im Schaltplan (/+5V) angegebenen Netz überein.
    Local override; warning
    @(116.0000 mm, 74.3500 mm): Pad 4 [+5V] of D71 on F.Cu
[footprint_symbol_field_mismatch]: Fehlendes Symbolfeld "Supplier" in Footprint
    Local override; warning
    @(114.2500 mm, 80.0250 mm): Footprint D72
[net_conflict]: Das Pad-Netz (RGB_DOUT_13) stimmt nicht mit dem im Schaltplan (/RGB_DOUT_13) angegebenen Netz überein.
    Local override; warning
    @(112.5000 mm, 79.1500 mm): Pad 1 [RGB_DOUT_13] of D72 on F.Cu
[net_conflict]: Das Pad-Netz (GND) stimmt nicht mit dem im Schaltplan (/GND) angegebenen Netz überein.
    Local override; warning
    @(112.5000 mm, 80.9000 mm): Pad 2 [GND] of D72 on F.Cu
[net_conflict]: Das Pad-Netz (RGB_DOUT_12) stimmt nicht mit dem im Schaltplan (/RGB_DOUT_12) angegebenen Netz überein.
    Local override; warning
    @(116.0000 mm, 80.9000 mm): Pad 3 [RGB_DOUT_12] of D72 on F.Cu
[net_conflict]: Das Pad-Netz (+5V) stimmt nicht mit dem im Schaltplan (/+5V) angegebenen Netz überein.
    Local override; warning
    @(116.0000 mm, 79.1500 mm): Pad 4 [+5V] of D72 on F.Cu
[footprint_symbol_field_mismatch]: Fehlendes Symbolfeld "Supplier" in Footprint
    Local override; warning
    @(114.2500 mm, 84.8250 mm): Footprint D73
[net_conflict]: Das Pad-Netz (RGB_DOUT_14) stimmt nicht mit dem im Schaltplan (/RGB_DOUT_14) angegebenen Netz überein.
    Local override; warning
    @(112.5000 mm, 83.9500 mm): Pad 1 [RGB_DOUT_14] of D73 on F.Cu
[net_conflict]: Das Pad-Netz (GND) stimmt nicht mit dem im Schaltplan (/GND) angegebenen Netz überein.
    Local override; warning
    @(112.5000 mm, 85.7000 mm): Pad 2 [GND] of D73 on F.Cu
[net_conflict]: Das Pad-Netz (RGB_DOUT_13) stimmt nicht mit dem im Schaltplan (/RGB_DOUT_13) angegebenen Netz überein.
    Local override; warning
    @(116.0000 mm, 85.7000 mm): Pad 3 [RGB_DOUT_13] of D73 on F.Cu
[net_conflict]: Das Pad-Netz (+5V) stimmt nicht mit dem im Schaltplan (/+5V) angegebenen Netz überein.
    Local override; warning
    @(116.0000 mm, 83.9500 mm): Pad 4 [+5V] of D73 on F.Cu
[footprint_symbol_field_mismatch]: Fehlendes Symbolfeld "Supplier" in Footprint
    Local override; warning
    @(114.2500 mm, 89.6250 mm): Footprint D74
[net_conflict]: Das Pad-Netz (RGB_DOUT_15) stimmt nicht mit dem im Schaltplan (/RGB_DOUT_15) angegebenen Netz überein.
    Local override; warning
    @(112.5000 mm, 88.7500 mm): Pad 1 [RGB_DOUT_15] of D74 on F.Cu
[net_conflict]: Das Pad-Netz (GND) stimmt nicht mit dem im Schaltplan (/GND) angegebenen Netz überein.
    Local override; warning
    @(112.5000 mm, 90.5000 mm): Pad 2 [GND] of D74 on F.Cu
[net_conflict]: Das Pad-Netz (RGB_DOUT_14) stimmt nicht mit dem im Schaltplan (/RGB_DOUT_14) angegebenen Netz überein.
    Local override; warning
    @(116.0000 mm, 90.5000 mm): Pad 3 [RGB_DOUT_14] of D74 on F.Cu
[net_conflict]: Das Pad-Netz (+5V) stimmt nicht mit dem im Schaltplan (/+5V) angegebenen Netz überein.
    Local override; warning
    @(116.0000 mm, 88.7500 mm): Pad 4 [+5V] of D74 on F.Cu
[footprint_symbol_field_mismatch]: Fehlendes Symbolfeld "Supplier" in Footprint
    Local override; warning
    @(114.2500 mm, 94.4250 mm): Footprint D75
[net_conflict]: Das Pad-Netz (RGB_DOUT_16) stimmt nicht mit dem im Schaltplan (/RGB_DOUT_16) angegebenen Netz überein.
    Local override; warning
    @(112.5000 mm, 93.5500 mm): Pad 1 [RGB_DOUT_16] of D75 on F.Cu
[net_conflict]: Das Pad-Netz (GND) stimmt nicht mit dem im Schaltplan (/GND) angegebenen Netz überein.
    Local override; warning
    @(112.5000 mm, 95.3000 mm): Pad 2 [GND] of D75 on F.Cu
[net_conflict]: Das Pad-Netz (RGB_DOUT_15) stimmt nicht mit dem im Schaltplan (/RGB_DOUT_15) angegebenen Netz überein.
    Local override; warning
    @(116.0000 mm, 95.3000 mm): Pad 3 [RGB_DOUT_15] of D75 on F.Cu
[net_conflict]: Das Pad-Netz (+5V) stimmt nicht mit dem im Schaltplan (/+5V) angegebenen Netz überein.
    Local override; warning
    @(116.0000 mm, 93.5500 mm): Pad 4 [+5V] of D75 on F.Cu
[footprint_symbol_field_mismatch]: Fehlendes Symbolfeld "Supplier" in Footprint
    Local override; warning
    @(114.2500 mm, 99.2250 mm): Footprint D76
[net_conflict]: Das Pad-Netz (RGB_DOUT_17) stimmt nicht mit dem im Schaltplan (/RGB_DOUT_17) angegebenen Netz überein.
    Local override; warning
    @(112.5000 mm, 98.3500 mm): Pad 1 [RGB_DOUT_17] of D76 on F.Cu
[net_conflict]: Das Pad-Netz (GND) stimmt nicht mit dem im Schaltplan (/GND) angegebenen Netz überein.
    Local override; warning
    @(112.5000 mm, 100.1000 mm): Pad 2 [GND] of D76 on F.Cu
[net_conflict]: Das Pad-Netz (RGB_DOUT_16) stimmt nicht mit dem im Schaltplan (/RGB_DOUT_16) angegebenen Netz überein.
    Local override; warning
    @(116.0000 mm, 100.1000 mm): Pad 3 [RGB_DOUT_16] of D76 on F.Cu
[net_conflict]: Das Pad-Netz (+5V) stimmt nicht mit dem im Schaltplan (/+5V) angegebenen Netz überein.
    Local override; warning
    @(116.0000 mm, 98.3500 mm): Pad 4 [+5V] of D76 on F.Cu
[footprint_symbol_field_mismatch]: Fehlendes Symbolfeld "Supplier" in Footprint
    Local override; warning
    @(114.2500 mm, 104.0250 mm): Footprint D77
[net_conflict]: Das Pad-Netz (RGB_DOUT_18) stimmt nicht mit dem im Schaltplan (/RGB_DOUT_18) angegebenen Netz überein.
    Local override; warning
    @(112.5000 mm, 103.1500 mm): Pad 1 [RGB_DOUT_18] of D77 on F.Cu
[net_conflict]: Das Pad-Netz (GND) stimmt nicht mit dem im Schaltplan (/GND) angegebenen Netz überein.
    Local override; warning
    @(112.5000 mm, 104.9000 mm): Pad 2 [GND] of D77 on F.Cu
[net_conflict]: Das Pad-Netz (RGB_DOUT_17) stimmt nicht mit dem im Schaltplan (/RGB_DOUT_17) angegebenen Netz überein.
    Local override; warning
    @(116.0000 mm, 104.9000 mm): Pad 3 [RGB_DOUT_17] of D77 on F.Cu
[net_conflict]: Das Pad-Netz (+5V) stimmt nicht mit dem im Schaltplan (/+5V) angegebenen Netz überein.
    Local override; warning
    @(116.0000 mm, 103.1500 mm): Pad 4 [+5V] of D77 on F.Cu
[footprint_symbol_field_mismatch]: Fehlendes Symbolfeld "Supplier" in Footprint
    Local override; warning
    @(114.2500 mm, 108.8250 mm): Footprint D78
[net_conflict]: Das Pad-Netz (RGB_DOUT_19) stimmt nicht mit dem im Schaltplan (/RGB_DOUT_19) angegebenen Netz überein.
    Local override; warning
    @(112.5000 mm, 107.9500 mm): Pad 1 [RGB_DOUT_19] of D78 on F.Cu
[net_conflict]: Das Pad-Netz (GND) stimmt nicht mit dem im Schaltplan (/GND) angegebenen Netz überein.
    Local override; warning
    @(112.5000 mm, 109.7000 mm): Pad 2 [GND] of D78 on F.Cu
[net_conflict]: Das Pad-Netz (RGB_DOUT_18) stimmt nicht mit dem im Schaltplan (/RGB_DOUT_18) angegebenen Netz überein.
    Local override; warning
    @(116.0000 mm, 109.7000 mm): Pad 3 [RGB_DOUT_18] of D78 on F.Cu
[net_conflict]: Das Pad-Netz (+5V) stimmt nicht mit dem im Schaltplan (/+5V) angegebenen Netz überein.
    Local override; warning
    @(116.0000 mm, 107.9500 mm): Pad 4 [+5V] of D78 on F.Cu
[footprint_symbol_field_mismatch]: Fehlendes Symbolfeld "Supplier" in Footprint
    Local override; warning
    @(114.2500 mm, 113.6250 mm): Footprint D79
[net_conflict]: Das Pad-Netz (RGB_DOUT_20) stimmt nicht mit dem im Schaltplan (/RGB_DOUT_20) angegebenen Netz überein.
    Local override; warning
    @(112.5000 mm, 112.7500 mm): Pad 1 [RGB_DOUT_20] of D79 on F.Cu
[net_conflict]: Das Pad-Netz (GND) stimmt nicht mit dem im Schaltplan (/GND) angegebenen Netz überein.
    Local override; warning
    @(112.5000 mm, 114.5000 mm): Pad 2 [GND] of D79 on F.Cu
[net_conflict]: Das Pad-Netz (RGB_DOUT_19) stimmt nicht mit dem im Schaltplan (/RGB_DOUT_19) angegebenen Netz überein.
    Local override; warning
    @(116.0000 mm, 114.5000 mm): Pad 3 [RGB_DOUT_19] of D79 on F.Cu
[net_conflict]: Das Pad-Netz (+5V) stimmt nicht mit dem im Schaltplan (/+5V) angegebenen Netz überein.
    Local override; warning
    @(116.0000 mm, 112.7500 mm): Pad 4 [+5V] of D79 on F.Cu
[footprint_symbol_field_mismatch]: Fehlendes Symbolfeld "Supplier" in Footprint
    Local override; warning
    @(114.2500 mm, 118.4250 mm): Footprint D80
[net_conflict]: Das Pad-Netz (RGB_DOUT_21) stimmt nicht mit dem im Schaltplan (/RGB_DOUT_21) angegebenen Netz überein.
    Local override; warning
    @(112.5000 mm, 117.5500 mm): Pad 1 [RGB_DOUT_21] of D80 on F.Cu
[net_conflict]: Das Pad-Netz (GND) stimmt nicht mit dem im Schaltplan (/GND) angegebenen Netz überein.
    Local override; warning
    @(112.5000 mm, 119.3000 mm): Pad 2 [GND] of D80 on F.Cu
[net_conflict]: Das Pad-Netz (RGB_DOUT_20) stimmt nicht mit dem im Schaltplan (/RGB_DOUT_20) angegebenen Netz überein.
    Local override; warning
    @(116.0000 mm, 119.3000 mm): Pad 3 [RGB_DOUT_20] of D80 on F.Cu
[net_conflict]: Das Pad-Netz (+5V) stimmt nicht mit dem im Schaltplan (/+5V) angegebenen Netz überein.
    Local override; warning
    @(116.0000 mm, 117.5500 mm): Pad 4 [+5V] of D80 on F.Cu
[footprint_symbol_field_mismatch]: Fehlendes Symbolfeld "Supplier" in Footprint
    Local override; warning
    @(114.2500 mm, 123.2250 mm): Footprint D81
[net_conflict]: Das Pad-Netz (RGB_DOUT_22) stimmt nicht mit dem im Schaltplan (/RGB_DOUT_22) angegebenen Netz überein.
    Local override; warning
    @(112.5000 mm, 122.3500 mm): Pad 1 [RGB_DOUT_22] of D81 on F.Cu
[net_conflict]: Das Pad-Netz (GND) stimmt nicht mit dem im Schaltplan (/GND) angegebenen Netz überein.
    Local override; warning
    @(112.5000 mm, 124.1000 mm): Pad 2 [GND] of D81 on F.Cu
[net_conflict]: Das Pad-Netz (RGB_DOUT_21) stimmt nicht mit dem im Schaltplan (/RGB_DOUT_21) angegebenen Netz überein.
    Local override; warning
    @(116.0000 mm, 124.1000 mm): Pad 3 [RGB_DOUT_21] of D81 on F.Cu
[net_conflict]: Das Pad-Netz (+5V) stimmt nicht mit dem im Schaltplan (/+5V) angegebenen Netz überein.
    Local override; warning
    @(116.0000 mm, 122.3500 mm): Pad 4 [+5V] of D81 on F.Cu
[footprint_symbol_field_mismatch]: Fehlendes Symbolfeld "Supplier" in Footprint
    Local override; warning
    @(114.2500 mm, 128.0250 mm): Footprint D82
[net_conflict]: Das Pad-Netz (RGB_DOUT_23) stimmt nicht mit dem im Schaltplan (/RGB_DOUT_23) angegebenen Netz überein.
    Local override; warning
    @(112.5000 mm, 127.1500 mm): Pad 1 [RGB_DOUT_23] of D82 on F.Cu
[net_conflict]: Das Pad-Netz (GND) stimmt nicht mit dem im Schaltplan (/GND) angegebenen Netz überein.
    Local override; warning
    @(112.5000 mm, 128.9000 mm): Pad 2 [GND] of D82 on F.Cu
[net_conflict]: Das Pad-Netz (RGB_DOUT_22) stimmt nicht mit dem im Schaltplan (/RGB_DOUT_22) angegebenen Netz überein.
    Local override; warning
    @(116.0000 mm, 128.9000 mm): Pad 3 [RGB_DOUT_22] of D82 on F.Cu
[net_conflict]: Das Pad-Netz (+5V) stimmt nicht mit dem im Schaltplan (/+5V) angegebenen Netz überein.
    Local override; warning
    @(116.0000 mm, 127.1500 mm): Pad 4 [+5V] of D82 on F.Cu
[footprint_symbol_field_mismatch]: Fehlendes Symbolfeld "Supplier" in Footprint
    Local override; warning
    @(114.2500 mm, 132.8250 mm): Footprint D83
[net_conflict]: Das Pad-Netz (RGB_DOUT_24) stimmt nicht mit dem im Schaltplan (unconnected-(D83-DOUT-Pad1)) angegebenen Netz überein.
    Local override; warning
    @(112.5000 mm, 131.9500 mm): Pad 1 [RGB_DOUT_24] of D83 on F.Cu
[net_conflict]: Das Pad-Netz (GND) stimmt nicht mit dem im Schaltplan (/GND) angegebenen Netz überein.
    Local override; warning
    @(112.5000 mm, 133.7000 mm): Pad 2 [GND] of D83 on F.Cu
[net_conflict]: Das Pad-Netz (RGB_DOUT_23) stimmt nicht mit dem im Schaltplan (/RGB_DOUT_23) angegebenen Netz überein.
    Local override; warning
    @(116.0000 mm, 133.7000 mm): Pad 3 [RGB_DOUT_23] of D83 on F.Cu
[net_conflict]: Das Pad-Netz (+5V) stimmt nicht mit dem im Schaltplan (/+5V) angegebenen Netz überein.
    Local override; warning
    @(116.0000 mm, 131.9500 mm): Pad 4 [+5V] of D83 on F.Cu
[footprint_symbol_field_mismatch]: Fehlendes Symbolfeld "Supplier" in Footprint
    Local override; warning
    @(60.5000 mm, 88.0000 mm): Footprint F1
[net_conflict]: Das Pad-Netz (L_IN) stimmt nicht mit dem im Schaltplan (/L_FUSED) angegebenen Netz überein.
    Local override; warning
    @(60.5000 mm, 78.0000 mm): PTH pad 1 [L_IN] of F1
[net_conflict]: Das Pad-Netz (L_FUSED) stimmt nicht mit dem im Schaltplan (/L_IN) angegebenen Netz überein.
    Local override; warning
    @(60.5000 mm, 98.0000 mm): PTH pad 2 [L_FUSED] of F1
[footprint_symbol_field_mismatch]: Fehlendes Symbolfeld "Supplier" in Footprint
    Local override; warning
    @(171.0000 mm, 88.5000 mm): Footprint F2
[net_conflict]: Das Pad-Netz (BUS_5V) stimmt nicht mit dem im Schaltplan (/+5V) angegebenen Netz überein.
    Local override; warning
    @(173.1000 mm, 88.5000 mm): Pad 1 [BUS_5V] of F2 on F.Cu
[net_conflict]: Das Pad-Netz (+5V) stimmt nicht mit dem im Schaltplan (/BUS_5V) angegebenen Netz überein.
    Local override; warning
    @(168.9000 mm, 88.5000 mm): Pad 2 [+5V] of F2 on F.Cu
[footprint_symbol_field_mismatch]: Fehlendes Symbolfeld "Supplier" in Footprint
    Local override; warning
    @(188.6500 mm, 84.2300 mm): Footprint J1
[net_conflict]: Das Pad-Netz (BUS_5V) stimmt nicht mit dem im Schaltplan (/RS485_GND) angegebenen Netz überein.
    Local override; warning
    @(188.6500 mm, 84.2300 mm): PTH pad 1 [BUS_5V] of J1
[net_conflict]: Das Pad-Netz (BUS_5V) stimmt nicht mit dem im Schaltplan (unconnected-(J1-Pin_2-Pad2)) angegebenen Netz überein.
    Local override; warning
    @(186.1100 mm, 82.9600 mm): PTH pad 2 [BUS_5V] of J1
[net_conflict]: Pad fehlt Netz gemäß Schaltplan (/RS485_B)
    Local override; warning
    @(188.6500 mm, 81.6900 mm): PTH pad 3 [<no net>] of J1
[net_conflict]: Das Pad-Netz (RS485_A) stimmt nicht mit dem im Schaltplan (/RS485_A) angegebenen Netz überein.
    Local override; warning
    @(186.1100 mm, 80.4200 mm): PTH pad 4 [RS485_A] of J1
[net_conflict]: Das Pad-Netz (RS485_B) stimmt nicht mit dem im Schaltplan (unconnected-(J1-Pin_5-Pad5)) angegebenen Netz überein.
    Local override; warning
    @(188.6500 mm, 79.1500 mm): PTH pad 5 [RS485_B] of J1
[net_conflict]: Pad fehlt Netz gemäß Schaltplan (/BUS_5V)
    Local override; warning
    @(186.1100 mm, 77.8800 mm): PTH pad 6 [<no net>] of J1
[net_conflict]: Das Pad-Netz (RS485_GND) stimmt nicht mit dem im Schaltplan (/BUS_5V) angegebenen Netz überein.
    Local override; warning
    @(188.6500 mm, 76.6100 mm): PTH pad 7 [RS485_GND] of J1
[net_conflict]: Das Pad-Netz (RS485_GND) stimmt nicht mit dem im Schaltplan (unconnected-(J1-Pin_8-Pad8)) angegebenen Netz überein.
    Local override; warning
    @(186.1100 mm, 75.3400 mm): PTH pad 8 [RS485_GND] of J1
[footprint_symbol_field_mismatch]: Fehlendes Symbolfeld "Supplier" in Footprint
    Local override; warning
    @(188.6500 mm, 101.2300 mm): Footprint J2
[net_conflict]: Das Pad-Netz (BUS_5V) stimmt nicht mit dem im Schaltplan (/RS485_GND) angegebenen Netz überein.
    Local override; warning
    @(188.6500 mm, 101.2300 mm): PTH pad 1 [BUS_5V] of J2
[net_conflict]: Das Pad-Netz (BUS_5V) stimmt nicht mit dem im Schaltplan (unconnected-(J2-Pin_2-Pad2)) angegebenen Netz überein.
    Local override; warning
    @(186.1100 mm, 99.9600 mm): PTH pad 2 [BUS_5V] of J2
[net_conflict]: Pad fehlt Netz gemäß Schaltplan (/RS485_B)
    Local override; warning
    @(188.6500 mm, 98.6900 mm): PTH pad 3 [<no net>] of J2
[net_conflict]: Das Pad-Netz (RS485_A) stimmt nicht mit dem im Schaltplan (/RS485_A) angegebenen Netz überein.
    Local override; warning
    @(186.1100 mm, 97.4200 mm): PTH pad 4 [RS485_A] of J2
[net_conflict]: Das Pad-Netz (RS485_B) stimmt nicht mit dem im Schaltplan (unconnected-(J2-Pin_5-Pad5)) angegebenen Netz überein.
    Local override; warning
    @(188.6500 mm, 96.1500 mm): PTH pad 5 [RS485_B] of J2
[net_conflict]: Pad fehlt Netz gemäß Schaltplan (/BUS_5V)
    Local override; warning
    @(186.1100 mm, 94.8800 mm): PTH pad 6 [<no net>] of J2
[net_conflict]: Das Pad-Netz (RS485_GND) stimmt nicht mit dem im Schaltplan (/BUS_5V) angegebenen Netz überein.
    Local override; warning
    @(188.6500 mm, 93.6100 mm): PTH pad 7 [RS485_GND] of J2
[net_conflict]: Das Pad-Netz (RS485_GND) stimmt nicht mit dem im Schaltplan (unconnected-(J2-Pin_8-Pad8)) angegebenen Netz überein.
    Local override; warning
    @(186.1100 mm, 92.3400 mm): PTH pad 8 [RS485_GND] of J2
[footprint_symbol_field_mismatch]: Fehlendes Symbolfeld "Supplier" in Footprint
    Local override; warning
    @(194.8000 mm, 64.5000 mm): Footprint J3
[net_conflict]: Das Pad-Netz (RS485_A) stimmt nicht mit dem im Schaltplan (/RS485_GND) angegebenen Netz überein.
    Local override; warning
    @(194.8000 mm, 68.0000 mm): PTH pad 1 [RS485_A] of J3
[net_conflict]: Das Pad-Netz (RS485_B) stimmt nicht mit dem im Schaltplan (/RS485_B) angegebenen Netz überein.
    Local override; warning
    @(194.8000 mm, 64.5000 mm): PTH pad 2 [RS485_B] of J3
[net_conflict]: Das Pad-Netz (RS485_GND) stimmt nicht mit dem im Schaltplan (/RS485_A) angegebenen Netz überein.
    Local override; warning
    @(194.8000 mm, 61.0000 mm): PTH pad 3 [RS485_GND] of J3
[footprint_symbol_field_mismatch]: Fehlendes Symbolfeld "Supplier" in Footprint
    Local override; warning
    @(194.8000 mm, 112.0000 mm): Footprint J4
[footprint_symbol_field_mismatch]: Fehlendes Symbolfeld "Supplier" in Footprint
    Local override; warning
    @(176.0000 mm, 96.5000 mm): Footprint JP1
[footprint_symbol_mismatch]: Footprintattribute stimmen nicht mit denen des Symbols überein: "Von Stückliste ausschließen" Einstellungen weichen ab.
    Local override; warning
    @(81.0000 mm, 83.0000 mm): Footprint K1
[footprint_symbol_field_mismatch]: Fehlendes Symbolfeld "Supplier" in Footprint
    Local override; warning
    @(81.0000 mm, 83.0000 mm): Footprint K1
[footprint_symbol_field_mismatch]: Fehlendes Symbolfeld "Supplier" in Footprint
    Local override; warning
    @(81.0000 mm, 105.0000 mm): Footprint K2
[footprint_symbol_field_mismatch]: Fehlendes Symbolfeld "Supplier" in Footprint
    Local override; warning
    @(81.0000 mm, 125.0000 mm): Footprint K3
[footprint_symbol_field_mismatch]: Fehlendes Symbolfeld "Supplier" in Footprint
    Local override; warning
    @(100.9500 mm, 85.4500 mm): Footprint Q1
[footprint_symbol_field_mismatch]: Fehlendes Symbolfeld "Supplier" in Footprint
    Local override; warning
    @(101.7000 mm, 107.0000 mm): Footprint Q2
[footprint_symbol_field_mismatch]: Fehlendes Symbolfeld "Supplier" in Footprint
    Local override; warning
    @(102.0500 mm, 126.0000 mm): Footprint Q3
[footprint_symbol_field_mismatch]: Fehlendes Symbolfeld "Supplier" in Footprint
    Local override; warning
    @(176.5000 mm, 132.0000 mm): Footprint R1
[footprint_symbol_field_mismatch]: Fehlendes Symbolfeld "Supplier" in Footprint
    Local override; warning
    @(183.7000 mm, 132.0000 mm): Footprint R2
[footprint_symbol_mismatch]: Footprintattribute stimmen nicht mit denen des Symbols überein: "Von Stückliste ausschließen" Einstellungen weichen ab.
    Local override; warning
    @(171.5000 mm, 102.0000 mm): Footprint R3
[footprint_symbol_field_mismatch]: Fehlendes Symbolfeld "Supplier" in Footprint
    Local override; warning
    @(171.5000 mm, 102.0000 mm): Footprint R3
[footprint_symbol_field_mismatch]: Fehlendes Symbolfeld "Supplier" in Footprint
    Local override; warning
    @(99.1500 mm, 81.4500 mm): Footprint R4
[footprint_symbol_field_mismatch]: Fehlendes Symbolfeld "Supplier" in Footprint
    Local override; warning
    @(99.7000 mm, 103.0000 mm): Footprint R5
[footprint_symbol_field_mismatch]: Fehlendes Symbolfeld "Supplier" in Footprint
    Local override; warning
    @(99.0500 mm, 122.0000 mm): Footprint R6
[footprint_symbol_field_mismatch]: Fehlendes Symbolfeld "Supplier" in Footprint
    Local override; warning
    @(103.9500 mm, 81.4500 mm): Footprint R7
[footprint_symbol_field_mismatch]: Fehlendes Symbolfeld "Supplier" in Footprint
    Local override; warning
    @(104.7000 mm, 103.0000 mm): Footprint R8
[footprint_symbol_field_mismatch]: Fehlendes Symbolfeld "Supplier" in Footprint
    Local override; warning
    @(105.0500 mm, 122.0000 mm): Footprint R9
[footprint_symbol_field_mismatch]: Fehlendes Symbolfeld "Supplier" in Footprint
    Local override; warning
    @(99.9500 mm, 89.4500 mm): Footprint R10
[footprint_symbol_field_mismatch]: Fehlendes Symbolfeld "Supplier" in Footprint
    Local override; warning
    @(100.7000 mm, 111.0000 mm): Footprint R11
[footprint_symbol_field_mismatch]: Fehlendes Symbolfeld "Supplier" in Footprint
    Local override; warning
    @(101.0500 mm, 133.0000 mm): Footprint R12
[footprint_symbol_field_mismatch]: Fehlendes Symbolfeld "Supplier" in Footprint
    Local override; warning
    @(175.8000 mm, 74.5000 mm): Footprint R20
[footprint_symbol_field_mismatch]: Fehlendes Symbolfeld "Supplier" in Footprint
    Local override; warning
    @(175.8000 mm, 79.5000 mm): Footprint R21
[footprint_symbol_field_mismatch]: Fehlendes Symbolfeld "Supplier" in Footprint
    Local override; warning
    @(158.3000 mm, 99.0000 mm): Footprint R30
[footprint_symbol_field_mismatch]: Fehlendes Symbolfeld "Supplier" in Footprint
    Local override; warning
    @(158.2000 mm, 103.5000 mm): Footprint R31
[footprint_symbol_field_mismatch]: Fehlendes Symbolfeld "Supplier" in Footprint
    Local override; warning
    @(168.7000 mm, 132.0000 mm): Footprint R32
[footprint_symbol_field_mismatch]: Fehlendes Symbolfeld "Supplier" in Footprint
    Local override; warning
    @(73.5000 mm, 41.0000 mm): Footprint R40
[footprint_symbol_field_mismatch]: Fehlendes Symbolfeld "Supplier" in Footprint
    Local override; warning
    @(68.5000 mm, 41.0000 mm): Footprint R41
[footprint_symbol_field_mismatch]: Fehlendes Symbolfeld "Supplier" in Footprint
    Local override; warning
    @(171.6750 mm, 57.0000 mm): Footprint R60
[footprint_symbol_field_mismatch]: Fehlendes Symbolfeld "Supplier" in Footprint
    Local override; warning
    @(61.0000 mm, 113.2500 mm): Footprint RV1
[footprint_symbol_field_mismatch]: Fehlendes Symbolfeld "Supplier" in Footprint
    Local override; warning
    @(159.0000 mm, 42.5000 mm): Footprint U1
[footprint_symbol_field_mismatch]: Fehlendes Symbolfeld "Supplier" in Footprint
    Local override; warning
    @(181.0000 mm, 43.0000 mm): Footprint U2
[footprint_symbol_field_mismatch]: Fehlendes Symbolfeld "Supplier" in Footprint
    Local override; warning
    @(181.0000 mm, 53.0000 mm): Footprint U3
[footprint_symbol_field_mismatch]: Fehlendes Symbolfeld "Supplier" in Footprint
    Local override; warning
    @(145.5000 mm, 104.5000 mm): Footprint U4
[footprint_symbol_field_mismatch]: Fehlendes Symbolfeld "Supplier" in Footprint
    Local override; warning
    @(137.5000 mm, 41.0000 mm): Footprint U5
[footprint_symbol_field_mismatch]: Fehlendes Symbolfeld "Supplier" in Footprint
    Local override; warning
    @(181.5000 mm, 124.5000 mm): Footprint U6
[footprint_symbol_field_mismatch]: Fehlendes Symbolfeld "Supplier" in Footprint
    Local override; warning
    @(49.8000 mm, 52.5000 mm): Footprint X1
[footprint_symbol_field_mismatch]: Fehlendes Symbolfeld "Supplier" in Footprint
    Local override; warning
    @(49.8000 mm, 87.5000 mm): Footprint X2
[footprint_symbol_field_mismatch]: Fehlendes Symbolfeld "Supplier" in Footprint
    Local override; warning
    @(49.8000 mm, 122.5000 mm): Footprint X3
[footprint_symbol_field_mismatch]: Fehlendes Symbolfeld "Supplier" in Footprint
    Local override; warning
    @(194.8000 mm, 45.0000 mm): Footprint X4
[footprint_symbol_field_mismatch]: Fehlendes Symbolfeld "Supplier" in Footprint
    Local override; warning
    @(194.8000 mm, 53.5000 mm): Footprint X5
[footprint_symbol_field_mismatch]: Fehlendes Symbolfeld "Supplier" in Footprint
    Local override; warning
    @(196.3000 mm, 129.0000 mm): Footprint X6
[extra_footprint]: Extra footprint
    Local override; warning
    @(84.0000 mm, 0.0000 mm): Footprint MB1

** Ignored checks **
    - Footprint has no courtyard defined
    - Track endpoint not centered on via
    - Tuning profile track geometries
    - Footprint doesn't match symbol's footprint filters
    - Footprint component type doesn't match footprint pads

** End of Report **
